Component: ARM Compiler 5.06 update 5 (build 528) Tool: armlink [4d35e2]

==============================================================================

Section Cross References

    main.o(i.main) refers to glcd.o(i.initGLCD) for initGLCD
    main.o(i.main) refers to gpio.o(i.initGPIO) for initGPIO
    main.o(i.main) refers to timers.o(i.initTIMERS) for initTIMERS
    main.o(i.main) refers to random.o(i.initRandom) for initRandom
    main.o(i.main) refers to menu.o(i.displayMenu) for displayMenu
    main.o(i.main) refers to menu.o(i.refreshMenu) for refreshMenu
    main.o(i.main) refers to random.o(i.setRandom) for setRandom
    main.o(i.main) refers to game.o(i.setupLevel) for setupLevel
    main.o(i.main) refers to game.o(i.startLevel) for startLevel
    main.o(i.main) refers to game.o(i.stopLevel) for stopLevel
    main.o(i.main) refers to menu.o(i.displayGameLosed) for displayGameLosed
    main.o(i.main) refers to menu.o(i.displayGameWon) for displayGameWon
    main.o(i.main) refers to main.o(.data) for gameWon
    menu.o(i.displayGameLosed) refers to glcd.o(i.clearScreenGLCD) for clearScreenGLCD
    menu.o(i.displayGameLosed) refers to menu.o(i.displayLogo) for displayLogo
    menu.o(i.displayGameLosed) refers to glcd_mcbstm32e.o(i.GLCD_SetForegroundColor) for GLCD_SetForegroundColor
    menu.o(i.displayGameLosed) refers to glcd_mcbstm32e.o(i.GLCD_DrawString) for GLCD_DrawString
    menu.o(i.displayGameLosed) refers to printf1.o(i.__0sprintf$1) for __2sprintf
    menu.o(i.displayGameLosed) refers to gpio.o(i.userButtonPressed) for userButtonPressed
    menu.o(i.displayGameLosed) refers to game.o(.data) for playerScore
    menu.o(i.displayGameWon) refers to glcd.o(i.clearScreenGLCD) for clearScreenGLCD
    menu.o(i.displayGameWon) refers to menu.o(i.displayLogo) for displayLogo
    menu.o(i.displayGameWon) refers to glcd_mcbstm32e.o(i.GLCD_SetForegroundColor) for GLCD_SetForegroundColor
    menu.o(i.displayGameWon) refers to glcd_mcbstm32e.o(i.GLCD_DrawString) for GLCD_DrawString
    menu.o(i.displayGameWon) refers to gpio.o(i.userButtonPressed) for userButtonPressed
    menu.o(i.displayLogo) refers to glcd_mcbstm32e.o(i.GLCD_SetBackgroundColor) for GLCD_SetBackgroundColor
    menu.o(i.displayLogo) refers to glcd_mcbstm32e.o(i.GLCD_SetForegroundColor) for GLCD_SetForegroundColor
    menu.o(i.displayLogo) refers to glcd_mcbstm32e.o(i.GLCD_SetFont) for GLCD_SetFont
    menu.o(i.displayLogo) refers to glcd_mcbstm32e.o(i.GLCD_DrawString) for GLCD_DrawString
    menu.o(i.displayLogo) refers to glcd_mcbstm32e.o(i.GLCD_DrawBitmap) for GLCD_DrawBitmap
    menu.o(i.displayLogo) refers to glcd_fonts.o(.constdata) for GLCD_Font_16x24
    menu.o(i.displayLogo) refers to imagesbmp.o(.constdata) for bmpEnnemiOpenRight
    menu.o(i.displayMenu) refers to menu.o(i.displayLogo) for displayLogo
    menu.o(i.displayMenu) refers to glcd_mcbstm32e.o(i.GLCD_SetFont) for GLCD_SetFont
    menu.o(i.displayMenu) refers to glcd_mcbstm32e.o(i.GLCD_SetForegroundColor) for GLCD_SetForegroundColor
    menu.o(i.displayMenu) refers to glcd_mcbstm32e.o(i.GLCD_DrawString) for GLCD_DrawString
    menu.o(i.displayMenu) refers to glcd_fonts.o(.constdata) for GLCD_Font_16x24
    menu.o(i.refreshMenu) refers to gpio.o(i.joytickUpPressed) for joytickUpPressed
    menu.o(i.refreshMenu) refers to menu.o(i.displayMenu) for displayMenu
    menu.o(i.refreshMenu) refers to gpio.o(i.joytickDownPressed) for joytickDownPressed
    menu.o(i.refreshMenu) refers to gpio.o(i.joytickSelectPressed) for joytickSelectPressed
    menu.o(i.refreshMenu) refers to menu.o(.data) for menuSelected
    game.o(i.changeDirection) refers to game.o(.data) for playerMovement
    game.o(i.checkMangeurCollisionWithEnnemies) refers to game.o(i.checkCollision) for checkCollision
    game.o(i.checkMangeurCollisionWithEnnemies) refers to game.o(.bss) for ennemies
    game.o(i.checkMangeurCollisionWithEnnemies) refers to game.o(.data) for yPlayer
    game.o(i.checkMangeurCollisionWithEnnemies) refers to main.o(.data) for gameLosed
    game.o(i.checkMangeurCollisionWithFood) refers to game.o(i.checkCollision) for checkCollision
    game.o(i.checkMangeurCollisionWithFood) refers to game.o(i.placeFoodAtRandom) for placeFoodAtRandom
    game.o(i.checkMangeurCollisionWithFood) refers to game.o(i.displayScore) for displayScore
    game.o(i.checkMangeurCollisionWithFood) refers to game.o(.data) for yFood
    game.o(i.checkMangeurCollisionWithFood) refers to main.o(.data) for gameWon
    game.o(i.displayScore) refers to glcd_mcbstm32e.o(i.GLCD_SetForegroundColor) for GLCD_SetForegroundColor
    game.o(i.displayScore) refers to glcd_mcbstm32e.o(i.GLCD_SetBackgroundColor) for GLCD_SetBackgroundColor
    game.o(i.displayScore) refers to glcd_mcbstm32e.o(i.GLCD_SetFont) for GLCD_SetFont
    game.o(i.displayScore) refers to glcd_mcbstm32e.o(i.GLCD_DrawString) for GLCD_DrawString
    game.o(i.displayScore) refers to glcd_mcbstm32e.o(i.GLCD_DrawBitmap) for GLCD_DrawBitmap
[...]
    printf3.o(i.__0sprintf$3) refers to printf3.o(i._printf_core) for _printf_core
    printf3.o(i.__0sprintf$3) refers to printf3.o(i._sputc) for _sputc
    printf3.o(i.__0vfprintf$3) refers to printf3.o(i._printf_core) for _printf_core
    printf3.o(i.__0vfprintf$3) refers to fputc.o(i.fputc) for fputc
    printf3.o(i.__0vprintf$3) refers to printf3.o(i._printf_core) for _printf_core
    printf3.o(i.__0vprintf$3) refers to fputc.o(i.fputc) for fputc
    printf3.o(i.__0vprintf$3) refers to stdout.o(.data) for __stdout
    printf3.o(i.__0vsnprintf$3) refers to printf3.o(i._printf_core) for _printf_core
    printf3.o(i.__0vsnprintf$3) refers to printf3.o(i._snputc) for _snputc
    printf3.o(i.__0vsprintf$3) refers to printf3.o(i._printf_core) for _printf_core
    printf3.o(i.__0vsprintf$3) refers to printf3.o(i._sputc) for _sputc
    printf3.o(i._printf_core) refers to uidiv.o(.text) for __aeabi_uidivmod
    printf4.o(i.__0fprintf$4) refers to printf4.o(i._printf_core) for _printf_core
    printf4.o(i.__0fprintf$4) refers to fputc.o(i.fputc) for fputc
    printf4.o(i.__0printf$4) refers to printf4.o(i._printf_core) for _printf_core
    printf4.o(i.__0printf$4) refers to fputc.o(i.fputc) for fputc
    printf4.o(i.__0printf$4) refers to stdout.o(.data) for __stdout
    printf4.o(i.__0snprintf$4) refers to printf4.o(i._printf_core) for _printf_core
    printf4.o(i.__0snprintf$4) refers to printf4.o(i._snputc) for _snputc
    printf4.o(i.__0sprintf$4) refers to printf4.o(i._printf_core) for _printf_core
    printf4.o(i.__0sprintf$4) refers to printf4.o(i._sputc) for _sputc
    printf4.o(i.__0vfprintf$4) refers to printf4.o(i._printf_core) for _printf_core
    printf4.o(i.__0vfprintf$4) refers to fputc.o(i.fputc) for fputc
    printf4.o(i.__0vprintf$4) refers to printf4.o(i._printf_core) for _printf_core
    printf4.o(i.__0vprintf$4) refers to fputc.o(i.fputc) for fputc
    printf4.o(i.__0vprintf$4) refers to stdout.o(.data) for __stdout
    printf4.o(i.__0vsnprintf$4) refers to printf4.o(i._printf_core) for _printf_core
    printf4.o(i.__0vsnprintf$4) refers to printf4.o(i._snputc) for _snputc
    printf4.o(i.__0vsprintf$4) refers to printf4.o(i._printf_core) for _printf_core
    printf4.o(i.__0vsprintf$4) refers to printf4.o(i._sputc) for _sputc
    printf4.o(i._printf_core) refers to uldiv.o(.text) for __aeabi_uldivmod
    printf5.o(i.__0fprintf$5) refers to printf5.o(i._printf_core) for _printf_core
    printf5.o(i.__0fprintf$5) refers to fputc.o(i.fputc) for fputc
    printf5.o(i.__0printf$5) refers to printf5.o(i._printf_core) for _printf_core
    printf5.o(i.__0printf$5) refers to fputc.o(i.fputc) for fputc
    printf5.o(i.__0printf$5) refers to stdout.o(.data) for __stdout
    printf5.o(i.__0snprintf$5) refers to printf5.o(i._printf_core) for _printf_core
    printf5.o(i.__0snprintf$5) refers to printf5.o(i._snputc) for _snputc
    printf5.o(i.__0sprintf$5) refers to printf5.o(i._printf_core) for _printf_core
    printf5.o(i.__0sprintf$5) refers to printf5.o(i._sputc) for _sputc
    printf5.o(i.__0vfprintf$5) refers to printf5.o(i._printf_core) for _printf_core
    printf5.o(i.__0vfprintf$5) refers to fputc.o(i.fputc) for fputc
    printf5.o(i.__0vprintf$5) refers to printf5.o(i._printf_core) for _printf_core
    printf5.o(i.__0vprintf$5) refers to fputc.o(i.fputc) for fputc
    printf5.o(i.__0vprintf$5) refers to stdout.o(.data) for __stdout
    printf5.o(i.__0vsnprintf$5) refers to printf5.o(i._printf_core) for _printf_core
    printf5.o(i.__0vsnprintf$5) refers to printf5.o(i._snputc) for _snputc
    printf5.o(i.__0vsprintf$5) refers to printf5.o(i._printf_core) for _printf_core
    printf5.o(i.__0vsprintf$5) refers to printf5.o(i._sputc) for _sputc
    printf5.o(i._printf_core) refers to uldiv.o(.text) for __aeabi_uldivmod
    printf6.o(i.__0fprintf$6) refers to printf6.o(i._printf_core) for _printf_core
    printf6.o(i.__0fprintf$6) refers to fputc.o(i.fputc) for fputc
    printf6.o(i.__0printf$6) refers to printf6.o(i._printf_core) for _printf_core
    printf6.o(i.__0printf$6) refers to fputc.o(i.fputc) for fputc
    printf6.o(i.__0printf$6) refers to stdout.o(.data) for __stdout
    printf6.o(i.__0snprintf$6) refers to printf6.o(i._printf_core) for _printf_core
    printf6.o(i.__0snprintf$6) refers to printf6.o(i._snputc) for _snputc
    printf6.o(i.__0sprintf$6) refers to printf6.o(i._printf_core) for _printf_core
    printf6.o(i.__0sprintf$6) refers to printf6.o(i._sputc) for _sputc
    printf6.o(i.__0vfprintf$6) refers to printf6.o(i._printf_core) for _printf_core
    printf6.o(i.__0vfprintf$6) refers to fputc.o(i.fputc) for fputc
    printf6.o(i.__0vprintf$6) refers to printf6.o(i._printf_core) for _printf_core
    printf6.o(i.__0vprintf$6) refers to fputc.o(i.fputc) for fputc
    printf6.o(i.__0vprintf$6) refers to stdout.o(.data) for __stdout
    printf6.o(i.__0vsnprintf$6) refers to printf6.o(i._printf_core) for _printf_core
    printf6.o(i.__0vsnprintf$6) refers to printf6.o(i._snputc) for _snputc
    printf6.o(i.__0vsprintf$6) refers to printf6.o(i._printf_core) for _printf_core
    printf6.o(i.__0vsprintf$6) refers to printf6.o(i._sputc) for _sputc
    printf6.o(i._printf_core) refers to printf6.o(i._printf_pre_padding) for _printf_pre_padding
    printf6.o(i._printf_core) refers to uidiv.o(.text) for __aeabi_uidivmod
    printf6.o(i._printf_core) refers to printf6.o(i._printf_post_padding) for _printf_post_padding
    printf7.o(i.__0fprintf$7) refers to printf7.o(i._printf_core) for _printf_core
    printf7.o(i.__0fprintf$7) refers to fputc.o(i.fputc) for fputc
    printf7.o(i.__0printf$7) refers to printf7.o(i._printf_core) for _printf_core
    printf7.o(i.__0printf$7) refers to fputc.o(i.fputc) for fputc
    printf7.o(i.__0printf$7) refers to stdout.o(.data) for __stdout
    printf7.o(i.__0snprintf$7) refers to printf7.o(i._printf_core) for _printf_core
    printf7.o(i.__0snprintf$7) refers to printf7.o(i._snputc) for _snputc
    printf7.o(i.__0sprintf$7) refers to printf7.o(i._printf_core) for _printf_core
    printf7.o(i.__0sprintf$7) refers to printf7.o(i._sputc) for _sputc
    printf7.o(i.__0vfprintf$7) refers to printf7.o(i._printf_core) for _printf_core
    printf7.o(i.__0vfprintf$7) refers to fputc.o(i.fputc) for fputc
    printf7.o(i.__0vprintf$7) refers to printf7.o(i._printf_core) for _printf_core
    printf7.o(i.__0vprintf$7) refers to fputc.o(i.fputc) for fputc
    printf7.o(i.__0vprintf$7) refers to stdout.o(.data) for __stdout
    printf7.o(i.__0vsnprintf$7) refers to printf7.o(i._printf_core) for _printf_core
    printf7.o(i.__0vsnprintf$7) refers to printf7.o(i._snputc) for _snputc
    printf7.o(i.__0vsprintf$7) refers to printf7.o(i._printf_core) for _printf_core
    printf7.o(i.__0vsprintf$7) refers to printf7.o(i._sputc) for _sputc
    printf7.o(i._printf_core) refers to printf7.o(i._printf_pre_padding) for _printf_pre_padding
    printf7.o(i._printf_core) refers to uldiv.o(.text) for __aeabi_uldivmod
    printf7.o(i._printf_core) refers to printf7.o(i._printf_post_padding) for _printf_post_padding
    printf8.o(i.__0fprintf$8) refers to printf8.o(i._printf_core) for _printf_core
    printf8.o(i.__0fprintf$8) refers to fputc.o(i.fputc) for fputc
    printf8.o(i.__0printf$8) refers to printf8.o(i._printf_core) for _printf_core
    printf8.o(i.__0printf$8) refers to fputc.o(i.fputc) for fputc
    printf8.o(i.__0printf$8) refers to stdout.o(.data) for __stdout
    printf8.o(i.__0snprintf$8) refers to printf8.o(i._printf_core) for _printf_core
    printf8.o(i.__0snprintf$8) refers to printf8.o(i._snputc) for _snputc
    printf8.o(i.__0sprintf$8) refers to printf8.o(i._printf_core) for _printf_core
    printf8.o(i.__0sprintf$8) refers to printf8.o(i._sputc) for _sputc
    printf8.o(i.__0vfprintf$8) refers to printf8.o(i._printf_core) for _printf_core
    printf8.o(i.__0vfprintf$8) refers to fputc.o(i.fputc) for fputc
    printf8.o(i.__0vprintf$8) refers to printf8.o(i._printf_core) for _printf_core
    printf8.o(i.__0vprintf$8) refers to fputc.o(i.fputc) for fputc
    printf8.o(i.__0vprintf$8) refers to stdout.o(.data) for __stdout
    printf8.o(i.__0vsnprintf$8) refers to printf8.o(i._printf_core) for _printf_core
    printf8.o(i.__0vsnprintf$8) refers to printf8.o(i._snputc) for _snputc
    printf8.o(i.__0vsprintf$8) refers to printf8.o(i._printf_core) for _printf_core
    printf8.o(i.__0vsprintf$8) refers to printf8.o(i._sputc) for _sputc
    printf8.o(i._printf_core) refers to printf8.o(i._printf_pre_padding) for _printf_pre_padding
    printf8.o(i._printf_core) refers to uldiv.o(.text) for __aeabi_uldivmod
    printf8.o(i._printf_core) refers to printf8.o(i._printf_post_padding) for _printf_post_padding
    printfa.o(i.__0fprintf) refers (Special) to iusefp.o(.text) for __I$use$fp
    printfa.o(i.__0fprintf) refers to printfa.o(i._printf_core) for _printf_core
    printfa.o(i.__0fprintf) refers to fputc.o(i.fputc) for fputc
    printfa.o(i.__0printf) refers (Special) to iusefp.o(.text) for __I$use$fp
    printfa.o(i.__0printf) refers to printfa.o(i._printf_core) for _printf_core
    printfa.o(i.__0printf) refers to fputc.o(i.fputc) for fputc
    printfa.o(i.__0printf) refers to stdout.o(.data) for __stdout
    printfa.o(i.__0snprintf) refers (Special) to iusefp.o(.text) for __I$use$fp
    printfa.o(i.__0snprintf) refers to printfa.o(i._printf_core) for _printf_core
    printfa.o(i.__0snprintf) refers to printfa.o(i._snputc) for _snputc
    printfa.o(i.__0sprintf) refers (Special) to iusefp.o(.text) for __I$use$fp
    printfa.o(i.__0sprintf) refers to printfa.o(i._printf_core) for _printf_core
    printfa.o(i.__0sprintf) refers to printfa.o(i._sputc) for _sputc
    printfa.o(i.__0vfprintf) refers (Special) to iusefp.o(.text) for __I$use$fp
    printfa.o(i.__0vfprintf) refers to printfa.o(i._printf_core) for _printf_core
    printfa.o(i.__0vfprintf) refers to fputc.o(i.fputc) for fputc
    printfa.o(i.__0vprintf) refers (Special) to iusefp.o(.text) for __I$use$fp
    printfa.o(i.__0vprintf) refers to printfa.o(i._printf_core) for _printf_core
    printfa.o(i.__0vprintf) refers to fputc.o(i.fputc) for fputc
    printfa.o(i.__0vprintf) refers to stdout.o(.data) for __stdout
    printfa.o(i.__0vsnprintf) refers (Special) to iusefp.o(.text) for __I$use$fp
    printfa.o(i.__0vsnprintf) refers to printfa.o(i._printf_core) for _printf_core
    printfa.o(i.__0vsnprintf) refers to printfa.o(i._snputc) for _snputc
    printfa.o(i.__0vsprintf) refers (Special) to iusefp.o(.text) for __I$use$fp
    printfa.o(i.__0vsprintf) refers to printfa.o(i._printf_core) for _printf_core
    printfa.o(i.__0vsprintf) refers to printfa.o(i._sputc) for _sputc
    printfa.o(i._fp_digits) refers (Special) to iusefp.o(.text) for __I$use$fp
    printfa.o(i._fp_digits) refers to dmul.o(.text) for __aeabi_dmul
    printfa.o(i._fp_digits) refers to ddiv.o(.text) for __aeabi_ddiv
    printfa.o(i._fp_digits) refers to cdrcmple.o(.text) for __aeabi_cdrcmple
    printfa.o(i._fp_digits) refers to dadd.o(.text) for __aeabi_dadd
    printfa.o(i._fp_digits) refers to dfixul.o(.text) for __aeabi_d2ulz
    printfa.o(i._fp_digits) refers to uldiv.o(.text) for __aeabi_uldivmod
    printfa.o(i._printf_core) refers (Special) to iusefp.o(.text) for __I$use$fp
    printfa.o(i._printf_core) refers to printfa.o(i._printf_pre_padding) for _printf_pre_padding
    printfa.o(i._printf_core) refers to uldiv.o(.text) for __aeabi_uldivmod
    printfa.o(i._printf_core) refers to printfa.o(i._printf_post_padding) for _printf_post_padding
    printfa.o(i._printf_core) refers to printfa.o(i._fp_digits) for _fp_digits
    printfa.o(i._printf_core) refers to uidiv.o(.text) for __aeabi_uidivmod
    printfa.o(i._printf_post_padding) refers (Special) to iusefp.o(.text) for __I$use$fp
    printfa.o(i._printf_pre_padding) refers (Special) to iusefp.o(.text) for __I$use$fp
    printfa.o(i._snputc) refers (Special) to iusefp.o(.text) for __I$use$fp
    printfa.o(i._sputc) refers (Special) to iusefp.o(.text) for __I$use$fp
    dadd.o(.text) refers (Special) to iusefp.o(.text) for __I$use$fp
    dadd.o(.text) refers to llshl.o(.text) for __aeabi_llsl
    dadd.o(.text) refers to llsshr.o(.text) for __aeabi_lasr
    dadd.o(.text) refers to depilogue.o(.text) for _double_epilogue
    dflti.o(.text) refers (Special) to iusefp.o(.text) for __I$use$fp
    dflti.o(.text) refers to depilogue.o(.text) for _double_epilogue
    cdcmple.o(.text) refers (Special) to iusefp.o(.text) for __I$use$fp
    dunder.o(i.__mathlib_dbl_divzero) refers to ddiv.o(.text) for __aeabi_ddiv
    dunder.o(i.__mathlib_dbl_infnan) refers to dscalb.o(.text) for __ARM_scalbn
    dunder.o(i.__mathlib_dbl_infnan2) refers to dadd.o(.text) for __aeabi_dadd
    dunder.o(i.__mathlib_dbl_invalid) refers to ddiv.o(.text) for __aeabi_ddiv
    dunder.o(i.__mathlib_dbl_overflow) refers to dscalb.o(.text) for __ARM_scalbn
    dunder.o(i.__mathlib_dbl_posinfnan) refers to dmul.o(.text) for __aeabi_dmul
    dunder.o(i.__mathlib_dbl_underflow) refers to dscalb.o(.text) for __ARM_scalbn
    fpclassify.o(i.__ARM_fpclassify) refers (Special) to iusefp.o(.text) for __I$use$fp
    poly.o(i.__kernel_poly) refers (Special) to iusefp.o(.text) for __I$use$fp
    poly.o(i.__kernel_poly) refers to dmul.o(.text) for __aeabi_dmul
    poly.o(i.__kernel_poly) refers to dadd.o(.text) for __aeabi_dadd
    qnan.o(.constdata) refers (Special) to iusefp.o(.text) for __I$use$fp
    entry2.o(.ARM.Collect$$$$00000001) refers to entry2.o(.ARM.Collect$$$$00002712) for __lit__00000000
    entry2.o(.ARM.Collect$$$$00002712) refers to startup_stm32f10x_xl.o(STACK) for __initial_sp
    entry2.o(__vectab_stack_and_reset_area) refers to startup_stm32f10x_xl.o(STACK) for __initial_sp
    entry2.o(__vectab_stack_and_reset_area) refers to entry.o(.ARM.Collect$$$$00000000) for __main
    entry5.o(.ARM.Collect$$$$00000004) refers to init.o(.text) for __scatterload
    entry9a.o(.ARM.Collect$$$$0000000B) refers to main.o(i.main) for main
    entry9b.o(.ARM.Collect$$$$0000000C) refers to main.o(i.main) for main
    fputc.o(i.fputc) refers (Special) to iusesemip.o(.text) for __I$use$semihosting$fputc
    fputc.o(i.fputc) refers (Special) to semi.o(.text) for __semihosting_library_function
    uldiv.o(.text) refers to llushr.o(.text) for __aeabi_llsr
    uldiv.o(.text) refers to llshl.o(.text) for __aeabi_llsl
    errno.o(i.__aeabi_errno_addr) refers to errno.o(.data) for .data
    errno.o(i.__read_errno) refers to errno.o(.data) for .data
    errno.o(i.__set_errno) refers to errno.o(.data) for .data
    depilogue.o(.text) refers to llshl.o(.text) for __aeabi_llsl
    depilogue.o(.text) refers to llushr.o(.text) for __aeabi_llsr
    dmul.o(.text) refers to depilogue.o(.text) for _double_epilogue
    ddiv.o(.text) refers to depilogue.o(.text) for _double_round
    dsqrt.o(.text) refers to llushr.o(.text) for __aeabi_llsr
    dsqrt.o(.text) refers to depilogue.o(.text) for _double_round
    dfixul.o(.text) refers to llushr.o(.text) for __aeabi_llsr
    dfixul.o(.text) refers to llshl.o(.text) for __aeabi_llsl
    init.o(.text) refers to entry5.o(.ARM.Collect$$$$00000004) for __main_after_scatterload


==============================================================================

Removing Unused input sections from the image.

    Removing main.o(.rev16_text), (4 bytes).
    Removing main.o(.revsh_text), (4 bytes).
    Removing main.o(.rrx_text), (6 bytes).
    Removing menu.o(.rev16_text), (4 bytes).
    Removing menu.o(.revsh_text), (4 bytes).
    Removing menu.o(.rrx_text), (6 bytes).
    Removing game.o(.rev16_text), (4 bytes).
    Removing game.o(.revsh_text), (4 bytes).
    Removing game.o(.rrx_text), (6 bytes).
    Removing gpio.o(.rev16_text), (4 bytes).
    Removing gpio.o(.revsh_text), (4 bytes).
    Removing gpio.o(.rrx_text), (6 bytes).
    Removing gpio.o(i.startInterruptBP_USER), (80 bytes).
    Removing timers.o(.rev16_text), (4 bytes).
    Removing timers.o(.revsh_text), (4 bytes).
    Removing timers.o(.rrx_text), (6 bytes).
    Removing timers.o(i.startTimer2), (18 bytes).
    Removing glcd.o(.rev16_text), (4 bytes).
    Removing glcd.o(.revsh_text), (4 bytes).
    Removing glcd.o(.rrx_text), (6 bytes).
    Removing glcd_mcbstm32e.o(.rev16_text), (4 bytes).
    Removing glcd_mcbstm32e.o(.revsh_text), (4 bytes).
    Removing glcd_mcbstm32e.o(.rrx_text), (6 bytes).
    Removing glcd_mcbstm32e.o(i.GLCD_DrawPixel), (128 bytes).
    Removing glcd_mcbstm32e.o(i.GLCD_FrameBufferAccess), (44 bytes).
    Removing glcd_mcbstm32e.o(i.GLCD_FrameBufferAddress), (8 bytes).
    Removing glcd_mcbstm32e.o(i.GLCD_ReadPixel), (184 bytes).
    Removing glcd_mcbstm32e.o(i.GLCD_Uninitialize), (16 bytes).
    Removing glcd_mcbstm32e.o(i.GLCD_VScroll), (8 bytes).
    Removing misc.o(.rev16_text), (4 bytes).
    Removing misc.o(.revsh_text), (4 bytes).
    Removing misc.o(.rrx_text), (6 bytes).
    Removing misc.o(i.NVIC_Init), (112 bytes).
    Removing misc.o(i.NVIC_PriorityGroupConfig), (20 bytes).
    Removing misc.o(i.NVIC_SetVectorTable), (20 bytes).
    Removing misc.o(i.NVIC_SystemLPConfig), (32 bytes).
    Removing misc.o(i.SysTick_CLKSourceConfig), (40 bytes).
    Removing stm32f10x_gpio.o(.rev16_text), (4 bytes).
    Removing stm32f10x_gpio.o(.revsh_text), (4 bytes).
    Removing stm32f10x_gpio.o(.rrx_text), (6 bytes).
    Removing stm32f10x_gpio.o(i.GPIO_AFIODeInit), (20 bytes).
    Removing stm32f10x_gpio.o(i.GPIO_DeInit), (200 bytes).
    Removing stm32f10x_gpio.o(i.GPIO_ETH_MediaInterfaceConfig), (12 bytes).
    Removing stm32f10x_gpio.o(i.GPIO_EXTILineConfig), (64 bytes).
    Removing stm32f10x_gpio.o(i.GPIO_EventOutputCmd), (12 bytes).
    Removing stm32f10x_gpio.o(i.GPIO_EventOutputConfig), (32 bytes).
    Removing stm32f10x_gpio.o(i.GPIO_Init), (278 bytes).
    Removing stm32f10x_gpio.o(i.GPIO_PinLockConfig), (18 bytes).
    Removing stm32f10x_gpio.o(i.GPIO_PinRemapConfig), (144 bytes).
    Removing stm32f10x_gpio.o(i.GPIO_ReadInputData), (8 bytes).
    Removing stm32f10x_gpio.o(i.GPIO_ReadInputDataBit), (18 bytes).
    Removing stm32f10x_gpio.o(i.GPIO_ReadOutputData), (8 bytes).
    Removing stm32f10x_gpio.o(i.GPIO_ReadOutputDataBit), (18 bytes).
    Removing stm32f10x_gpio.o(i.GPIO_ResetBits), (4 bytes).
    Removing stm32f10x_gpio.o(i.GPIO_SetBits), (4 bytes).
    Removing stm32f10x_gpio.o(i.GPIO_StructInit), (16 bytes).
    Removing stm32f10x_gpio.o(i.GPIO_Write), (4 bytes).
    Removing stm32f10x_gpio.o(i.GPIO_WriteBit), (10 bytes).
    Removing stm32f10x_rcc.o(.rev16_text), (4 bytes).
    Removing stm32f10x_rcc.o(.revsh_text), (4 bytes).
    Removing stm32f10x_rcc.o(.rrx_text), (6 bytes).
    Removing stm32f10x_rcc.o(i.RCC_ADCCLKConfig), (24 bytes).
    Removing stm32f10x_rcc.o(i.RCC_AHBPeriphClockCmd), (32 bytes).
    Removing stm32f10x_rcc.o(i.RCC_APB1PeriphClockCmd), (32 bytes).
    Removing stm32f10x_rcc.o(i.RCC_APB1PeriphResetCmd), (32 bytes).
    Removing stm32f10x_rcc.o(i.RCC_APB2PeriphClockCmd), (32 bytes).
    Removing stm32f10x_rcc.o(i.RCC_APB2PeriphResetCmd), (32 bytes).
    Removing stm32f10x_rcc.o(i.RCC_AdjustHSICalibrationValue), (24 bytes).
    Removing stm32f10x_rcc.o(i.RCC_BackupResetCmd), (12 bytes).
    Removing stm32f10x_rcc.o(i.RCC_ClearFlag), (20 bytes).
    Removing stm32f10x_rcc.o(i.RCC_ClearITPendingBit), (12 bytes).
    Removing stm32f10x_rcc.o(i.RCC_ClockSecuritySystemCmd), (12 bytes).
    Removing stm32f10x_rcc.o(i.RCC_DeInit), (76 bytes).
    Removing stm32f10x_rcc.o(i.RCC_GetClocksFreq), (212 bytes).
    Removing stm32f10x_rcc.o(i.RCC_GetFlagStatus), (60 bytes).
    Removing stm32f10x_rcc.o(i.RCC_GetITStatus), (24 bytes).
    Removing stm32f10x_rcc.o(i.RCC_GetSYSCLKSource), (16 bytes).
    Removing stm32f10x_rcc.o(i.RCC_HCLKConfig), (24 bytes).
    Removing stm32f10x_rcc.o(i.RCC_HSEConfig), (76 bytes).
    Removing stm32f10x_rcc.o(i.RCC_HSICmd), (12 bytes).
    Removing stm32f10x_rcc.o(i.RCC_ITConfig), (32 bytes).
    Removing stm32f10x_rcc.o(i.RCC_LSEConfig), (52 bytes).
    Removing stm32f10x_rcc.o(i.RCC_LSICmd), (12 bytes).
    Removing stm32f10x_rcc.o(i.RCC_MCOConfig), (12 bytes).
    Removing stm32f10x_rcc.o(i.RCC_PCLK1Config), (24 bytes).
    Removing stm32f10x_rcc.o(i.RCC_PCLK2Config), (24 bytes).
    Removing stm32f10x_rcc.o(i.RCC_PLLCmd), (12 bytes).
    Removing stm32f10x_rcc.o(i.RCC_PLLConfig), (28 bytes).
    Removing stm32f10x_rcc.o(i.RCC_RTCCLKCmd), (12 bytes).
    Removing stm32f10x_rcc.o(i.RCC_RTCCLKConfig), (16 bytes).
    Removing stm32f10x_rcc.o(i.RCC_SYSCLKConfig), (24 bytes).
    Removing stm32f10x_rcc.o(i.RCC_USBCLKConfig), (12 bytes).
    Removing stm32f10x_rcc.o(i.RCC_WaitForHSEStartUp), (56 bytes).
    Removing stm32f10x_rcc.o(.data), (20 bytes).
    Removing startup_stm32f10x_xl.o(HEAP), (512 bytes).
    Removing system_stm32f10x.o(.rev16_text), (4 bytes).
    Removing system_stm32f10x.o(.revsh_text), (4 bytes).
    Removing system_stm32f10x.o(.rrx_text), (6 bytes).
    Removing system_stm32f10x.o(i.SystemCoreClockUpdate), (164 bytes).
    Removing dfixul.o(.text), (48 bytes).

100 unused section(s) (total 3558 bytes) removed from the image.

==============================================================================

Image Symbol Table

    Local Symbols

    Symbol Name                              Value     Ov Type        Size  Object(Section)

    ../clib/microlib/division.c              0x00000000   Number         0  uidiv.o ABSOLUTE
    ../clib/microlib/division.c              0x00000000   Number         0  uldiv.o ABSOLUTE
    ../clib/microlib/errno.c                 0x00000000   Number         0  errno.o ABSOLUTE
    ../clib/microlib/init/entry.s            0x00000000   Number         0  entry7a.o ABSOLUTE
    ../clib/microlib/init/entry.s            0x00000000   Number         0  entry.o ABSOLUTE
    ../clib/microlib/init/entry.s            0x00000000   Number         0  entry10a.o ABSOLUTE
    ../clib/microlib/init/entry.s            0x00000000   Number         0  entry8a.o ABSOLUTE
    ../clib/microlib/init/entry.s            0x00000000   Number         0  entry2.o ABSOLUTE
    ../clib/microlib/init/entry.s            0x00000000   Number         0  entry8b.o ABSOLUTE
    ../clib/microlib/init/entry.s            0x00000000   Number         0  entry9a.o ABSOLUTE
    ../clib/microlib/init/entry.s            0x00000000   Number         0  entry9b.o ABSOLUTE
    ../clib/microlib/init/entry.s            0x00000000   Number         0  entry10b.o ABSOLUTE
    ../clib/microlib/init/entry.s            0x00000000   Number         0  entry11b.o ABSOLUTE
    ../clib/microlib/init/entry.s            0x00000000   Number         0  entry11a.o ABSOLUTE
    ../clib/microlib/init/entry.s            0x00000000   Number         0  entry5.o ABSOLUTE
    ../clib/microlib/init/entry.s            0x00000000   Number         0  entry7b.o ABSOLUTE
    ../clib/microlib/longlong.c              0x00000000   Number         0  llshl.o ABSOLUTE
    ../clib/microlib/longlong.c              0x00000000   Number         0  llushr.o ABSOLUTE
    ../clib/microlib/longlong.c              0x00000000   Number         0  llsshr.o ABSOLUTE
    ../clib/microlib/printf/printf.c         0x00000000   Number         0  printf4.o ABSOLUTE
    ../clib/microlib/printf/printf.c         0x00000000   Number         0  printf3.o ABSOLUTE
    ../clib/microlib/printf/printf.c         0x00000000   Number         0  printf2.o ABSOLUTE
    ../clib/microlib/printf/printf.c         0x00000000   Number         0  printf1.o ABSOLUTE
    ../clib/microlib/printf/printf.c         0x00000000   Number         0  printf0.o ABSOLUTE
    ../clib/microlib/printf/printf.c         0x00000000   Number         0  printfb.o ABSOLUTE
    ../clib/microlib/printf/printf.c         0x00000000   Number         0  printf5.o ABSOLUTE
    ../clib/microlib/printf/printf.c         0x00000000   Number         0  printf6.o ABSOLUTE
    ../clib/microlib/printf/printf.c         0x00000000   Number         0  printfa.o ABSOLUTE
    ../clib/microlib/printf/printf.c         0x00000000   Number         0  printf8.o ABSOLUTE
    ../clib/microlib/printf/printf.c         0x00000000   Number         0  printf7.o ABSOLUTE
    ../clib/microlib/printf/stubs.s          0x00000000   Number         0  stubs.o ABSOLUTE
    ../clib/microlib/stdio/fputc.c           0x00000000   Number         0  fputc.o ABSOLUTE
    ../clib/microlib/stdio/semi.s            0x00000000   Number         0  semi.o ABSOLUTE
    ../clib/microlib/stdio/streams.c         0x00000000   Number         0  stdout.o ABSOLUTE
    ../clib/microlib/stdlib/rand.c           0x00000000   Number         0  rand.o ABSOLUTE
    ../clib/microlib/stubs.s                 0x00000000   Number         0  iusefp.o ABSOLUTE
    ../clib/microlib/stubs.s                 0x00000000   Number         0  iusesemip.o ABSOLUTE
    ../fplib/microlib/fpadd.c                0x00000000   Number         0  dadd.o ABSOLUTE
    ../fplib/microlib/fpdiv.c                0x00000000   Number         0  ddiv.o ABSOLUTE
    ../fplib/microlib/fpepilogue.c           0x00000000   Number         0  depilogue.o ABSOLUTE
    ../fplib/microlib/fpfix.c                0x00000000   Number         0  dfixul.o ABSOLUTE
    ../fplib/microlib/fpflt.c                0x00000000   Number         0  dflti.o ABSOLUTE
    ../fplib/microlib/fpmul.c                0x00000000   Number         0  dmul.o ABSOLUTE
    ../fplib/microlib/fpscalb.c              0x00000000   Number         0  dscalb.o ABSOLUTE
    ../fplib/microlib/fpsqrt.c               0x00000000   Number         0  dsqrt.o ABSOLUTE
    ../mathlib/dunder.c                      0x00000000   Number         0  dunder.o ABSOLUTE
    ../mathlib/fpclassify.c                  0x00000000   Number         0  fpclassify.o ABSOLUTE
    ../mathlib/poly.c                        0x00000000   Number         0  poly.o ABSOLUTE
    ../mathlib/pow.c                         0x00000000   Number         0  pow.o ABSOLUTE
    ../mathlib/pow.c                         0x00000000   Number         0  pow_x.o ABSOLUTE
    ../mathlib/qnan.c                        0x00000000   Number         0  qnan.o ABSOLUTE
    ../mathlib/sqrt.c                        0x00000000   Number         0  sqrt.o ABSOLUTE
    ../mathlib/sqrt.c                        0x00000000   Number         0  sqrt_x.o ABSOLUTE
    C:\Keil_v5\ARM\PACK\Keil\STM32F1xx_DFP\2.2.0\Device\StdPeriph_Driver\src\misc.c 0x00000000   Number         0  misc.o ABSOLUTE
    C:\Keil_v5\ARM\PACK\Keil\STM32F1xx_DFP\2.2.0\Device\StdPeriph_Driver\src\stm32f10x_gpio.c 0x00000000   Number         0  stm32f10x_gpio.o ABSOLUTE
    C:\Keil_v5\ARM\PACK\Keil\STM32F1xx_DFP\2.2.0\Device\StdPeriph_Driver\src\stm32f10x_rcc.c 0x00000000   Number         0  stm32f10x_rcc.o ABSOLUTE
    C:\\Keil_v5\\ARM\\PACK\\Keil\\STM32F1xx_DFP\\2.2.0\\Device\\StdPeriph_Driver\\src\\misc.c 0x00000000   Number         0  misc.o ABSOLUTE
    C:\\Keil_v5\\ARM\\PACK\\Keil\\STM32F1xx_DFP\\2.2.0\\Device\\StdPeriph_Driver\\src\\stm32f10x_gpio.c 0x00000000   Number         0  stm32f10x_gpio.o ABSOLUTE
    C:\\Keil_v5\\ARM\\PACK\\Keil\\STM32F1xx_DFP\\2.2.0\\Device\\StdPeriph_Driver\\src\\stm32f10x_rcc.c 0x00000000   Number         0  stm32f10x_rcc.o ABSOLUTE
    Lib\GLCD_Fonts.c                         0x00000000   Number         0  glcd_fonts.o ABSOLUTE
    Lib\GLCD_MCBSTM32E.c                     0x00000000   Number         0  glcd_mcbstm32e.o ABSOLUTE
    Lib\\GLCD_MCBSTM32E.c                    0x00000000   Number         0  glcd_mcbstm32e.o ABSOLUTE
    RTE\Device\STM32F103ZG\startup_stm32f10x_xl.s 0x00000000   Number         0  startup_stm32f10x_xl.o ABSOLUTE
    RTE\Device\STM32F103ZG\system_stm32f10x.c 0x00000000   Number         0  system_stm32f10x.o ABSOLUTE
    RTE\\Device\\STM32F103ZG\\system_stm32f10x.c 0x00000000   Number         0  system_stm32f10x.o ABSOLUTE
    Sources\GAME\ImagesBMP.c                 0x00000000   Number         0  imagesbmp.o ABSOLUTE
    Sources\GAME\game.c                      0x00000000   Number         0  game.o ABSOLUTE
    Sources\GAME\menu.c                      0x00000000   Number         0  menu.o ABSOLUTE
    Sources\GAME\random.c                    0x00000000   Number         0  random.o ABSOLUTE
    Sources\HARD\GLCD.c                      0x00000000   Number         0  glcd.o ABSOLUTE
    Sources\HARD\GPIO.c                      0x00000000   Number         0  gpio.o ABSOLUTE
    Sources\HARD\TIMERS.c                    0x00000000   Number         0  timers.o ABSOLUTE
    Sources\\GAME\\game.c                    0x00000000   Number         0  game.o ABSOLUTE
    Sources\\GAME\\menu.c                    0x00000000   Number         0  menu.o ABSOLUTE
    Sources\\HARD\\GLCD.c                    0x00000000   Number         0  glcd.o ABSOLUTE
    Sources\\HARD\\GPIO.c                    0x00000000   Number         0  gpio.o ABSOLUTE
    Sources\\HARD\\TIMERS.c                  0x00000000   Number         0  timers.o ABSOLUTE
    Sources\\main.c                          0x00000000   Number         0  main.o ABSOLUTE
    Sources\main.c                           0x00000000   Number         0  main.o ABSOLUTE
    cdcmple.s                                0x00000000   Number         0  cdcmple.o ABSOLUTE
    cdrcmple.s                               0x00000000   Number         0  cdrcmple.o ABSOLUTE
    dc.s                                     0x00000000   Number         0  dc.o ABSOLUTE
    handlers.s                               0x00000000   Number         0  handlers.o ABSOLUTE
    init.s                                   0x00000000   Number         0  init.o ABSOLUTE
    RESET                                    0x08000000   Section      304  startup_stm32f10x_xl.o(RESET)
    .ARM.Collect$$$$00000000                 0x08000130   Section        0  entry.o(.ARM.Collect$$$$00000000)
    .ARM.Collect$$$$00000001                 0x08000130   Section        4  entry2.o(.ARM.Collect$$$$00000001)
    .ARM.Collect$$$$00000004                 0x08000134   Section        4  entry5.o(.ARM.Collect$$$$00000004)
    .ARM.Collect$$$$00000008                 0x08000138   Section        0  entry7b.o(.ARM.Collect$$$$00000008)
    .ARM.Collect$$$$0000000A                 0x08000138   Section        0  entry8b.o(.ARM.Collect$$$$0000000A)
    .ARM.Collect$$$$0000000B                 0x08000138   Section        8  entry9a.o(.ARM.Collect$$$$0000000B)
    .ARM.Collect$$$$0000000D                 0x08000140   Section        0  entry10a.o(.ARM.Collect$$$$0000000D)
    .ARM.Collect$$$$0000000F                 0x08000140   Section        0  entry11a.o(.ARM.Collect$$$$0000000F)
    .ARM.Collect$$$$00002712                 0x08000140   Section        4  entry2.o(.ARM.Collect$$$$00002712)
    __lit__00000000                          0x08000140   Data           4  entry2.o(.ARM.Collect$$$$00002712)
    .text                                    0x08000144   Section       36  startup_stm32f10x_xl.o(.text)
    .text                                    0x08000168   Section        0  rand.o(.text)
    .text                                    0x0800018c   Section        0  dadd.o(.text)
    .text                                    0x080002da   Section        0  dflti.o(.text)
    .text                                    0x080002fc   Section       48  cdcmple.o(.text)
    .text                                    0x0800032c   Section        0  uidiv.o(.text)
    .text                                    0x08000358   Section        0  llshl.o(.text)
    .text                                    0x08000376   Section        0  llsshr.o(.text)
    .text                                    0x0800039a   Section        0  iusefp.o(.text)
    .text                                    0x0800039a   Section        0  depilogue.o(.text)
    .text                                    0x08000454   Section        0  dmul.o(.text)
    .text                                    0x08000538   Section        0  ddiv.o(.text)
    .text                                    0x08000616   Section        0  dscalb.o(.text)
    .text                                    0x08000644   Section        0  dsqrt.o(.text)
    .text                                    0x080006e8   Section       48  cdrcmple.o(.text)
    .text                                    0x08000718   Section       36  init.o(.text)
    .text                                    0x0800073c   Section        0  llushr.o(.text)
    i.EXTI15_10_IRQHandler                   0x0800075c   Section        0  gpio.o(i.EXTI15_10_IRQHandler)
    i.EXTI3_IRQHandler                       0x08000800   Section        0  gpio.o(i.EXTI3_IRQHandler)
    i.EXTI9_5_IRQHandler                     0x08000844   Section        0  gpio.o(i.EXTI9_5_IRQHandler)
    i.GLCD_ClearScreen                       0x08000860   Section        0  glcd_mcbstm32e.o(i.GLCD_ClearScreen)
    i.GLCD_DrawBargraph                      0x0800089c   Section        0  glcd_mcbstm32e.o(i.GLCD_DrawBargraph)
    i.GLCD_DrawBitmap                        0x0800090c   Section        0  glcd_mcbstm32e.o(i.GLCD_DrawBitmap)
    i.GLCD_DrawChar                          0x08000960   Section        0  glcd_mcbstm32e.o(i.GLCD_DrawChar)
    i.GLCD_DrawHLine                         0x08000a30   Section        0  glcd_mcbstm32e.o(i.GLCD_DrawHLine)
    i.GLCD_DrawRectangle                     0x08000a6c   Section        0  glcd_mcbstm32e.o(i.GLCD_DrawRectangle)
    i.GLCD_DrawString                        0x08000aa8   Section        0  glcd_mcbstm32e.o(i.GLCD_DrawString)
    i.GLCD_DrawVLine                         0x08000ad4   Section        0  glcd_mcbstm32e.o(i.GLCD_DrawVLine)
    i.GLCD_Initialize                        0x08000b10   Section        0  glcd_mcbstm32e.o(i.GLCD_Initialize)
    i.GLCD_SetBackgroundColor                0x08001144   Section        0  glcd_mcbstm32e.o(i.GLCD_SetBackgroundColor)
    i.GLCD_SetFont                           0x08001154   Section        0  glcd_mcbstm32e.o(i.GLCD_SetFont)
    i.GLCD_SetForegroundColor                0x08001164   Section        0  glcd_mcbstm32e.o(i.GLCD_SetForegroundColor)
    i.GLCD_SetWindow                         0x08001174   Section        0  glcd_mcbstm32e.o(i.GLCD_SetWindow)
    GLCD_SetWindow                           0x08001175   Thumb Code   168  glcd_mcbstm32e.o(i.GLCD_SetWindow)
    i.SetSysClock                            0x08001220   Section        0  system_stm32f10x.o(i.SetSysClock)
    SetSysClock                              0x08001221   Thumb Code     8  system_stm32f10x.o(i.SetSysClock)
    i.SetSysClockTo72                        0x08001228   Section        0  system_stm32f10x.o(i.SetSysClockTo72)
    SetSysClockTo72                          0x08001229   Thumb Code   214  system_stm32f10x.o(i.SetSysClockTo72)
    i.SystemInit                             0x08001308   Section        0  system_stm32f10x.o(i.SystemInit)
    i.TIM1_UP_TIM10_IRQHandler               0x08001368   Section        0  timers.o(i.TIM1_UP_TIM10_IRQHandler)
    i.TIM2_IRQHandler                        0x0800138c   Section        0  timers.o(i.TIM2_IRQHandler)
    i.TIM8_UP_TIM13_IRQHandler               0x080013ac   Section        0  timers.o(i.TIM8_UP_TIM13_IRQHandler)
    i.__0sprintf$1                           0x080013d0   Section        0  printf1.o(i.__0sprintf$1)
    i.__ARM_fpclassify                       0x080013f8   Section        0  fpclassify.o(i.__ARM_fpclassify)
    i.__NVIC_EnableIRQ                       0x08001420   Section        0  gpio.o(i.__NVIC_EnableIRQ)
    __NVIC_EnableIRQ                         0x08001421   Thumb Code    26  gpio.o(i.__NVIC_EnableIRQ)
    i.__kernel_poly                          0x0800143a   Section        0  poly.o(i.__kernel_poly)
    i.__mathlib_dbl_divzero                  0x080014e4   Section        0  dunder.o(i.__mathlib_dbl_divzero)
    i.__mathlib_dbl_infnan2                  0x080014f4   Section        0  dunder.o(i.__mathlib_dbl_infnan2)
    i.__mathlib_dbl_invalid                  0x080014f8   Section        0  dunder.o(i.__mathlib_dbl_invalid)
    i.__mathlib_dbl_overflow                 0x08001504   Section        0  dunder.o(i.__mathlib_dbl_overflow)
    i.__mathlib_dbl_underflow                0x08001514   Section        0  dunder.o(i.__mathlib_dbl_underflow)
    i.__scatterload_copy                     0x08001524   Section       14  handlers.o(i.__scatterload_copy)
    i.__scatterload_null                     0x08001532   Section        2  handlers.o(i.__scatterload_null)
    i.__scatterload_zeroinit                 0x08001534   Section       14  handlers.o(i.__scatterload_zeroinit)
    i.__set_errno                            0x08001544   Section        0  errno.o(i.__set_errno)
    i._printf_core                           0x08001550   Section        0  printf1.o(i._printf_core)
    _printf_core                             0x08001551   Thumb Code   336  printf1.o(i._printf_core)
    i._sputc                                 0x080016a4   Section        0  printf1.o(i._sputc)
    _sputc                                   0x080016a5   Thumb Code    10  printf1.o(i._sputc)
    i.changeDirection                        0x080016b0   Section        0  game.o(i.changeDirection)
    i.checkCollision                         0x080016c0   Section        0  game.o(i.checkCollision)
    i.checkMangeurCollisionWithEnnemies      0x08001710   Section        0  game.o(i.checkMangeurCollisionWithEnnemies)
    i.checkMangeurCollisionWithFood          0x08001760   Section        0  game.o(i.checkMangeurCollisionWithFood)
    i.clearScreenGLCD                        0x080017c0   Section        0  glcd.o(i.clearScreenGLCD)
    i.clearZone                              0x080017ce   Section        0  glcd.o(i.clearZone)
    i.configTimer1                           0x080017f4   Section        0  timers.o(i.configTimer1)
    i.configTimer2                           0x08001844   Section        0  timers.o(i.configTimer2)
    i.configTimer8                           0x08001878   Section        0  timers.o(i.configTimer8)
    i.delay_ms                               0x080018c8   Section        0  glcd_mcbstm32e.o(i.delay_ms)
    delay_ms                                 0x080018c9   Thumb Code    38  glcd_mcbstm32e.o(i.delay_ms)
    i.displayGameLosed                       0x080018f4   Section        0  menu.o(i.displayGameLosed)
    i.displayGameWon                         0x08001964   Section        0  menu.o(i.displayGameWon)
    i.displayLogo                            0x08001998   Section        0  menu.o(i.displayLogo)
    i.displayMenu                            0x08001a58   Section        0  menu.o(i.displayMenu)
    i.displayScore                           0x08001adc   Section        0  game.o(i.displayScore)
    i.gameLoop                               0x08001be4   Section        0  game.o(i.gameLoop)
    i.getRandom                              0x08001bf4   Section        0  random.o(i.getRandom)
    i.getTimer3Value                         0x08001c0c   Section        0  timers.o(i.getTimer3Value)
    i.initGLCD                               0x08001c18   Section        0  glcd.o(i.initGLCD)
    i.initGPIO                               0x08001c24   Section        0  gpio.o(i.initGPIO)
    i.initRandom                             0x08001cb8   Section        0  random.o(i.initRandom)
    i.initTIMERS                             0x08001cc0   Section        0  timers.o(i.initTIMERS)
    i.initTimer3                             0x08001cd0   Section        0  timers.o(i.initTimer3)
    i.isFoodNearEnnemiesOrMangeur            0x08001d04   Section        0  game.o(i.isFoodNearEnnemiesOrMangeur)
    i.joytickDownPressed                     0x08001df4   Section        0  gpio.o(i.joytickDownPressed)
    i.joytickLeftPressed                     0x08001e04   Section        0  gpio.o(i.joytickLeftPressed)
    i.joytickRightPressed                    0x08001e14   Section        0  gpio.o(i.joytickRightPressed)
    i.joytickSelectPressed                   0x08001e24   Section        0  gpio.o(i.joytickSelectPressed)
    i.joytickUpPressed                       0x08001e34   Section        0  gpio.o(i.joytickUpPressed)
    i.main                                   0x08001e44   Section        0  main.o(i.main)
    i.placeFoodAtRandom                      0x08001ed4   Section        0  game.o(i.placeFoodAtRandom)
    i.pow                                    0x08001f3c   Section        0  pow.o(i.pow)
    i.rd_dat                                 0x08002914   Section        0  glcd_mcbstm32e.o(i.rd_dat)
    rd_dat                                   0x08002915   Thumb Code     8  glcd_mcbstm32e.o(i.rd_dat)
    i.redrawEnnemies                         0x0800291c   Section        0  game.o(i.redrawEnnemies)
    i.refreshMenu                            0x08002a10   Section        0  menu.o(i.refreshMenu)
    i.sameDirection                          0x08002a60   Section        0  game.o(i.sameDirection)
    i.setRandom                              0x08002a7a   Section        0  random.o(i.setRandom)
    i.setSpeedTimer8                         0x08002a88   Section        0  timers.o(i.setSpeedTimer8)
    i.setupLevel                             0x08002abc   Section        0  game.o(i.setupLevel)
    i.sqrt                                   0x08002b78   Section        0  sqrt.o(i.sqrt)
    i.startInterruptJoystick                 0x08002bc4   Section        0  gpio.o(i.startInterruptJoystick)
    i.startLevel                             0x08002c1c   Section        0  game.o(i.startLevel)
    i.startTimer1                            0x08002c28   Section        0  timers.o(i.startTimer1)
    i.startTimer8                            0x08002c3c   Section        0  timers.o(i.startTimer8)
    i.stopInterruptBP_USER                   0x08002c50   Section        0  gpio.o(i.stopInterruptBP_USER)
    i.stopInterruptJoystick                  0x08002c64   Section        0  gpio.o(i.stopInterruptJoystick)
    i.stopLevel                              0x08002c80   Section        0  game.o(i.stopLevel)
    i.stopTimer1                             0x08002c98   Section        0  timers.o(i.stopTimer1)
    i.stopTimer2                             0x08002cac   Section        0  timers.o(i.stopTimer2)
    i.stopTimer8                             0x08002cc0   Section        0  timers.o(i.stopTimer8)
    i.updateEnnemiesPositionAndRedraw        0x08002cd4   Section        0  game.o(i.updateEnnemiesPositionAndRedraw)
    i.updateMangeurPosition                  0x08002e28   Section        0  game.o(i.updateMangeurPosition)
    i.userButtonPressed                      0x08002f7c   Section        0  gpio.o(i.userButtonPressed)
    i.wr_cmd                                 0x08002f8c   Section        0  glcd_mcbstm32e.o(i.wr_cmd)
    wr_cmd                                   0x08002f8d   Thumb Code     8  glcd_mcbstm32e.o(i.wr_cmd)
    i.wr_dat                                 0x08002f94   Section        0  glcd_mcbstm32e.o(i.wr_dat)
    wr_dat                                   0x08002f95   Thumb Code     8  glcd_mcbstm32e.o(i.wr_dat)
    i.wr_dat_only                            0x08002f9c   Section        0  glcd_mcbstm32e.o(i.wr_dat_only)
    wr_dat_only                              0x08002f9d   Thumb Code     8  glcd_mcbstm32e.o(i.wr_dat_only)
    i.wr_reg                                 0x08002fa4   Section        0  glcd_mcbstm32e.o(i.wr_reg)
    wr_reg                                   0x08002fa5   Thumb Code    20  glcd_mcbstm32e.o(i.wr_reg)
    .constdata                               0x08002fb8   Section     1312  imagesbmp.o(.constdata)
    .constdata                               0x080034d8   Section       40  gpio.o(.constdata)
    .constdata                               0x08003500   Section     6304  glcd_fonts.o(.constdata)
    Font_6x8_h                               0x08003500   Data         896  glcd_fonts.o(.constdata)
    Font_16x24_h                             0x08003880   Data        5376  glcd_fonts.o(.constdata)
    .constdata                               0x08004da0   Section      136  pow.o(.constdata)
    bp                                       0x08004da0   Data          16  pow.o(.constdata)
    dp_h                                     0x08004db0   Data          16  pow.o(.constdata)
    dp_l                                     0x08004dc0   Data          16  pow.o(.constdata)
    L                                        0x08004dd0   Data          48  pow.o(.constdata)
    P                                        0x08004e00   Data          40  pow.o(.constdata)
    .constdata                               0x08004e28   Section        8  qnan.o(.constdata)
    .data                                    0x20000000   Section       20  main.o(.data)
    .data                                    0x20000014   Section        1  menu.o(.data)
    menuSelected                             0x20000014   Data           1  menu.o(.data)
    .data                                    0x20000018   Section       32  game.o(.data)
    xPlayer                                  0x20000018   Data           4  game.o(.data)
    yPlayer                                  0x2000001c   Data           4  game.o(.data)
    ennemiesScore                            0x20000024   Data           4  game.o(.data)
    xFood                                    0x20000030   Data           4  game.o(.data)
    yFood                                    0x20000034   Data           4  game.o(.data)
    .data                                    0x20000038   Section        9  glcd_mcbstm32e.o(.data)
    foreground_color                         0x20000038   Data           2  glcd_mcbstm32e.o(.data)
    background_color                         0x2000003a   Data           2  glcd_mcbstm32e.o(.data)
    active_font                              0x2000003c   Data           4  glcd_mcbstm32e.o(.data)
    Himax                                    0x20000040   Data           1  glcd_mcbstm32e.o(.data)
    .data                                    0x20000044   Section       20  system_stm32f10x.o(.data)
    .data                                    0x20000058   Section        4  rand.o(.data)
    _rand_state                              0x20000058   Data           4  rand.o(.data)
    .data                                    0x2000005c   Section        4  errno.o(.data)
    _errno                                   0x2000005c   Data           4  errno.o(.data)
    .bss                                     0x20000060   Section       60  game.o(.bss)
    ennemies                                 0x20000060   Data          60  game.o(.bss)
    STACK                                    0x200000a0   Section     1024  startup_stm32f10x_xl.o(STACK)

    Global Symbols

    Symbol Name                              Value     Ov Type        Size  Object(Section)

    BuildAttributes$$THM_ISAv4$P$D$K$B$S$PE$A:L22UL41UL21$X:L11$S22US41US21$IEEE1$IW$USESV6$~STKCKD$USESV7$~SHL$OTIME$ROPI$IEEEX$EBA8$MICROLIB$REQ8$PRES8$EABIv2 0x00000000   Number         0  anon$$obj.o ABSOLUTE
    __ARM_use_no_argv                        0x00000000   Number         0  main.o ABSOLUTE
    _printf_a                                0x00000000   Number         0  stubs.o ABSOLUTE
    _printf_c                                0x00000000   Number         0  stubs.o ABSOLUTE
    _printf_charcount                        0x00000000   Number         0  stubs.o ABSOLUTE
    _printf_d                                0x00000000   Number         0  stubs.o ABSOLUTE
    _printf_e                                0x00000000   Number         0  stubs.o ABSOLUTE
    _printf_f                                0x00000000   Number         0  stubs.o ABSOLUTE
    _printf_flags                            0x00000000   Number         0  stubs.o ABSOLUTE
    _printf_fp_dec                           0x00000000   Number         0  stubs.o ABSOLUTE
    _printf_fp_hex                           0x00000000   Number         0  stubs.o ABSOLUTE
    _printf_g                                0x00000000   Number         0  stubs.o ABSOLUTE
    _printf_i                                0x00000000   Number         0  stubs.o ABSOLUTE
    _printf_int_dec                          0x00000000   Number         0  stubs.o ABSOLUTE
    _printf_l                                0x00000000   Number         0  stubs.o ABSOLUTE
    _printf_lc                               0x00000000   Number         0  stubs.o ABSOLUTE
    _printf_ll                               0x00000000   Number         0  stubs.o ABSOLUTE
    _printf_lld                              0x00000000   Number         0  stubs.o ABSOLUTE
    _printf_lli                              0x00000000   Number         0  stubs.o ABSOLUTE
    _printf_llo                              0x00000000   Number         0  stubs.o ABSOLUTE
    _printf_llu                              0x00000000   Number         0  stubs.o ABSOLUTE
    _printf_llx                              0x00000000   Number         0  stubs.o ABSOLUTE
    _printf_longlong_dec                     0x00000000   Number         0  stubs.o ABSOLUTE
    _printf_longlong_hex                     0x00000000   Number         0  stubs.o ABSOLUTE
    _printf_longlong_oct                     0x00000000   Number         0  stubs.o ABSOLUTE
    _printf_ls                               0x00000000   Number         0  stubs.o ABSOLUTE
    _printf_mbtowc                           0x00000000   Number         0  stubs.o ABSOLUTE
    _printf_n                                0x00000000   Number         0  stubs.o ABSOLUTE
    _printf_o                                0x00000000   Number         0  stubs.o ABSOLUTE
    _printf_p                                0x00000000   Number         0  stubs.o ABSOLUTE
    _printf_percent                          0x00000000   Number         0  stubs.o ABSOLUTE
    _printf_pre_padding                      0x00000000   Number         0  stubs.o ABSOLUTE
    _printf_return_value                     0x00000000   Number         0  stubs.o ABSOLUTE
    _printf_s                                0x00000000   Number         0  stubs.o ABSOLUTE
    _printf_sizespec                         0x00000000   Number         0  stubs.o ABSOLUTE
    _printf_str                              0x00000000   Number         0  stubs.o ABSOLUTE
    _printf_truncate_signed                  0x00000000   Number         0  stubs.o ABSOLUTE
    _printf_truncate_unsigned                0x00000000   Number         0  stubs.o ABSOLUTE
    _printf_u                                0x00000000   Number         0  stubs.o ABSOLUTE
    _printf_wc                               0x00000000   Number         0  stubs.o ABSOLUTE
    _printf_wctomb                           0x00000000   Number         0  stubs.o ABSOLUTE
    _printf_widthprec                        0x00000000   Number         0  stubs.o ABSOLUTE
    _printf_x                                0x00000000   Number         0  stubs.o ABSOLUTE
    __cpp_initialize__aeabi_                  - Undefined Weak Reference
    __cxa_finalize                            - Undefined Weak Reference
    __decompress                              - Undefined Weak Reference
    _clock_init                               - Undefined Weak Reference
    _microlib_exit                            - Undefined Weak Reference
    __Vectors_Size                           0x00000130   Number         0  startup_stm32f10x_xl.o ABSOLUTE
    __Vectors                                0x08000000   Data           4  startup_stm32f10x_xl.o(RESET)
    __Vectors_End                            0x08000130   Data           0  startup_stm32f10x_xl.o(RESET)
    __main                                   0x08000131   Thumb Code     0  entry.o(.ARM.Collect$$$$00000000)
    _main_stk                                0x08000131   Thumb Code     0  entry2.o(.ARM.Collect$$$$00000001)
    _main_scatterload                        0x08000135   Thumb Code     0  entry5.o(.ARM.Collect$$$$00000004)
    __main_after_scatterload                 0x08000139   Thumb Code     0  entry5.o(.ARM.Collect$$$$00000004)
    _main_clock                              0x08000139   Thumb Code     0  entry7b.o(.ARM.Collect$$$$00000008)
    _main_cpp_init                           0x08000139   Thumb Code     0  entry8b.o(.ARM.Collect$$$$0000000A)
    _main_init                               0x08000139   Thumb Code     0  entry9a.o(.ARM.Collect$$$$0000000B)
    __rt_final_cpp                           0x08000141   Thumb Code     0  entry10a.o(.ARM.Collect$$$$0000000D)
    __rt_final_exit                          0x08000141   Thumb Code     0  entry11a.o(.ARM.Collect$$$$0000000F)
    Reset_Handler                            0x08000145   Thumb Code     8  startup_stm32f10x_xl.o(.text)
    NMI_Handler                              0x0800014d   Thumb Code     2  startup_stm32f10x_xl.o(.text)
    HardFault_Handler                        0x0800014f   Thumb Code     2  startup_stm32f10x_xl.o(.text)
    MemManage_Handler                        0x08000151   Thumb Code     2  startup_stm32f10x_xl.o(.text)
    BusFault_Handler                         0x08000153   Thumb Code     2  startup_stm32f10x_xl.o(.text)
    UsageFault_Handler                       0x08000155   Thumb Code     2  startup_stm32f10x_xl.o(.text)
    SVC_Handler                              0x08000157   Thumb Code     2  startup_stm32f10x_xl.o(.text)
    DebugMon_Handler                         0x08000159   Thumb Code     2  startup_stm32f10x_xl.o(.text)
    PendSV_Handler                           0x0800015b   Thumb Code     2  startup_stm32f10x_xl.o(.text)
    SysTick_Handler                          0x0800015d   Thumb Code     2  startup_stm32f10x_xl.o(.text)
    ADC1_2_IRQHandler                        0x0800015f   Thumb Code     0  startup_stm32f10x_xl.o(.text)
    ADC3_IRQHandler                          0x0800015f   Thumb Code     0  startup_stm32f10x_xl.o(.text)
    CAN1_RX1_IRQHandler                      0x0800015f   Thumb Code     0  startup_stm32f10x_xl.o(.text)
    CAN1_SCE_IRQHandler                      0x0800015f   Thumb Code     0  startup_stm32f10x_xl.o(.text)
    DMA1_Channel1_IRQHandler                 0x0800015f   Thumb Code     0  startup_stm32f10x_xl.o(.text)
    DMA1_Channel2_IRQHandler                 0x0800015f   Thumb Code     0  startup_stm32f10x_xl.o(.text)
    DMA1_Channel3_IRQHandler                 0x0800015f   Thumb Code     0  startup_stm32f10x_xl.o(.text)
    DMA1_Channel4_IRQHandler                 0x0800015f   Thumb Code     0  startup_stm32f10x_xl.o(.text)
    DMA1_Channel5_IRQHandler                 0x0800015f   Thumb Code     0  startup_stm32f10x_xl.o(.text)
    DMA1_Channel6_IRQHandler                 0x0800015f   Thumb Code     0  startup_stm32f10x_xl.o(.text)
    DMA1_Channel7_IRQHandler                 0x0800015f   Thumb Code     0  startup_stm32f10x_xl.o(.text)
    DMA2_Channel1_IRQHandler                 0x0800015f   Thumb Code     0  startup_stm32f10x_xl.o(.text)
    DMA2_Channel2_IRQHandler                 0x0800015f   Thumb Code     0  startup_stm32f10x_xl.o(.text)
    DMA2_Channel3_IRQHandler                 0x0800015f   Thumb Code     0  startup_stm32f10x_xl.o(.text)
    DMA2_Channel4_5_IRQHandler               0x0800015f   Thumb Code     0  startup_stm32f10x_xl.o(.text)
    EXTI0_IRQHandler                         0x0800015f   Thumb Code     0  startup_stm32f10x_xl.o(.text)
    EXTI1_IRQHandler                         0x0800015f   Thumb Code     0  startup_stm32f10x_xl.o(.text)
    EXTI2_IRQHandler                         0x0800015f   Thumb Code     0  startup_stm32f10x_xl.o(.text)
    EXTI4_IRQHandler                         0x0800015f   Thumb Code     0  startup_stm32f10x_xl.o(.text)
    FLASH_IRQHandler                         0x0800015f   Thumb Code     0  startup_stm32f10x_xl.o(.text)
    FSMC_IRQHandler                          0x0800015f   Thumb Code     0  startup_stm32f10x_xl.o(.text)
    I2C1_ER_IRQHandler                       0x0800015f   Thumb Code     0  startup_stm32f10x_xl.o(.text)
    I2C1_EV_IRQHandler                       0x0800015f   Thumb Code     0  startup_stm32f10x_xl.o(.text)
    I2C2_ER_IRQHandler                       0x0800015f   Thumb Code     0  startup_stm32f10x_xl.o(.text)
    I2C2_EV_IRQHandler                       0x0800015f   Thumb Code     0  startup_stm32f10x_xl.o(.text)
    PVD_IRQHandler                           0x0800015f   Thumb Code     0  startup_stm32f10x_xl.o(.text)
    RCC_IRQHandler                           0x0800015f   Thumb Code     0  startup_stm32f10x_xl.o(.text)
    RTCAlarm_IRQHandler                      0x0800015f   Thumb Code     0  startup_stm32f10x_xl.o(.text)
    RTC_IRQHandler                           0x0800015f   Thumb Code     0  startup_stm32f10x_xl.o(.text)
    SDIO_IRQHandler                          0x0800015f   Thumb Code     0  startup_stm32f10x_xl.o(.text)
    SPI1_IRQHandler                          0x0800015f   Thumb Code     0  startup_stm32f10x_xl.o(.text)
    SPI2_IRQHandler                          0x0800015f   Thumb Code     0  startup_stm32f10x_xl.o(.text)
    SPI3_IRQHandler                          0x0800015f   Thumb Code     0  startup_stm32f10x_xl.o(.text)
    TAMPER_IRQHandler                        0x0800015f   Thumb Code     0  startup_stm32f10x_xl.o(.text)
    TIM1_BRK_TIM9_IRQHandler                 0x0800015f   Thumb Code     0  startup_stm32f10x_xl.o(.text)
    TIM1_CC_IRQHandler                       0x0800015f   Thumb Code     0  startup_stm32f10x_xl.o(.text)
    TIM1_TRG_COM_TIM11_IRQHandler            0x0800015f   Thumb Code     0  startup_stm32f10x_xl.o(.text)
    TIM3_IRQHandler                          0x0800015f   Thumb Code     0  startup_stm32f10x_xl.o(.text)
    TIM4_IRQHandler                          0x0800015f   Thumb Code     0  startup_stm32f10x_xl.o(.text)
    TIM5_IRQHandler                          0x0800015f   Thumb Code     0  startup_stm32f10x_xl.o(.text)
    TIM6_IRQHandler                          0x0800015f   Thumb Code     0  startup_stm32f10x_xl.o(.text)
    TIM7_IRQHandler                          0x0800015f   Thumb Code     0  startup_stm32f10x_xl.o(.text)
    TIM8_BRK_TIM12_IRQHandler                0x0800015f   Thumb Code     0  startup_stm32f10x_xl.o(.text)
    TIM8_CC_IRQHandler                       0x0800015f   Thumb Code     0  startup_stm32f10x_xl.o(.text)
    TIM8_TRG_COM_TIM14_IRQHandler            0x0800015f   Thumb Code     0  startup_stm32f10x_xl.o(.text)
    UART4_IRQHandler                         0x0800015f   Thumb Code     0  startup_stm32f10x_xl.o(.text)
    UART5_IRQHandler                         0x0800015f   Thumb Code     0  startup_stm32f10x_xl.o(.text)
    USART1_IRQHandler                        0x0800015f   Thumb Code     0  startup_stm32f10x_xl.o(.text)
    USART2_IRQHandler                        0x0800015f   Thumb Code     0  startup_stm32f10x_xl.o(.text)
    USART3_IRQHandler                        0x0800015f   Thumb Code     0  startup_stm32f10x_xl.o(.text)
    USBWakeUp_IRQHandler                     0x0800015f   Thumb Code     0  startup_stm32f10x_xl.o(.text)
    USB_HP_CAN1_TX_IRQHandler                0x0800015f   Thumb Code     0  startup_stm32f10x_xl.o(.text)
    USB_LP_CAN1_RX0_IRQHandler               0x0800015f   Thumb Code     0  startup_stm32f10x_xl.o(.text)
    WWDG_IRQHandler                          0x0800015f   Thumb Code     0  startup_stm32f10x_xl.o(.text)
    rand                                     0x08000169   Thumb Code    20  rand.o(.text)
    srand                                    0x0800017d   Thumb Code     6  rand.o(.text)
    __aeabi_dadd                             0x0800018d   Thumb Code   322  dadd.o(.text)
    __aeabi_dsub                             0x080002cf   Thumb Code     6  dadd.o(.text)
    __aeabi_drsub                            0x080002d5   Thumb Code     6  dadd.o(.text)
    __aeabi_i2d                              0x080002db   Thumb Code    34  dflti.o(.text)
    __aeabi_cdcmpeq                          0x080002fd   Thumb Code     0  cdcmple.o(.text)
    __aeabi_cdcmple                          0x080002fd   Thumb Code    48  cdcmple.o(.text)
    __aeabi_uidiv                            0x0800032d   Thumb Code     0  uidiv.o(.text)
    __aeabi_uidivmod                         0x0800032d   Thumb Code    44  uidiv.o(.text)
    __aeabi_llsl                             0x08000359   Thumb Code    30  llshl.o(.text)
    _ll_shift_l                              0x08000359   Thumb Code     0  llshl.o(.text)
    __aeabi_lasr                             0x08000377   Thumb Code    36  llsshr.o(.text)
    _ll_sshift_r                             0x08000377   Thumb Code     0  llsshr.o(.text)
    __I$use$fp                               0x0800039b   Thumb Code     0  iusefp.o(.text)
    _double_round                            0x0800039b   Thumb Code    30  depilogue.o(.text)
    _double_epilogue                         0x080003b9   Thumb Code   156  depilogue.o(.text)
    __aeabi_dmul                             0x08000455   Thumb Code   228  dmul.o(.text)
    __aeabi_ddiv                             0x08000539   Thumb Code   222  ddiv.o(.text)
    __ARM_scalbn                             0x08000617   Thumb Code    46  dscalb.o(.text)
    scalbn                                   0x08000617   Thumb Code     0  dscalb.o(.text)
    _dsqrt                                   0x08000645   Thumb Code   162  dsqrt.o(.text)
    __aeabi_cdrcmple                         0x080006e9   Thumb Code    48  cdrcmple.o(.text)
    __scatterload                            0x08000719   Thumb Code    28  init.o(.text)
    __scatterload_rt2                        0x08000719   Thumb Code     0  init.o(.text)
    __aeabi_llsr                             0x0800073d   Thumb Code    32  llushr.o(.text)
    _ll_ushift_r                             0x0800073d   Thumb Code     0  llushr.o(.text)
    EXTI15_10_IRQHandler                     0x0800075d   Thumb Code   134  gpio.o(i.EXTI15_10_IRQHandler)
    EXTI3_IRQHandler                         0x08000801   Thumb Code    46  gpio.o(i.EXTI3_IRQHandler)
    EXTI9_5_IRQHandler                       0x08000845   Thumb Code    24  gpio.o(i.EXTI9_5_IRQHandler)
    GLCD_ClearScreen                         0x08000861   Thumb Code    54  glcd_mcbstm32e.o(i.GLCD_ClearScreen)
    GLCD_DrawBargraph                        0x0800089d   Thumb Code   102  glcd_mcbstm32e.o(i.GLCD_DrawBargraph)
    GLCD_DrawBitmap                          0x0800090d   Thumb Code    84  glcd_mcbstm32e.o(i.GLCD_DrawBitmap)
    GLCD_DrawChar                            0x08000961   Thumb Code   194  glcd_mcbstm32e.o(i.GLCD_DrawChar)
    GLCD_DrawHLine                           0x08000a31   Thumb Code    54  glcd_mcbstm32e.o(i.GLCD_DrawHLine)
    GLCD_DrawRectangle                       0x08000a6d   Thumb Code    58  glcd_mcbstm32e.o(i.GLCD_DrawRectangle)
    GLCD_DrawString                          0x08000aa9   Thumb Code    38  glcd_mcbstm32e.o(i.GLCD_DrawString)
    GLCD_DrawVLine                           0x08000ad5   Thumb Code    54  glcd_mcbstm32e.o(i.GLCD_DrawVLine)
    GLCD_Initialize                          0x08000b11   Thumb Code  1582  glcd_mcbstm32e.o(i.GLCD_Initialize)
    GLCD_SetBackgroundColor                  0x08001145   Thumb Code    10  glcd_mcbstm32e.o(i.GLCD_SetBackgroundColor)
    GLCD_SetFont                             0x08001155   Thumb Code    10  glcd_mcbstm32e.o(i.GLCD_SetFont)
    GLCD_SetForegroundColor                  0x08001165   Thumb Code    10  glcd_mcbstm32e.o(i.GLCD_SetForegroundColor)
    SystemInit                               0x08001309   Thumb Code    78  system_stm32f10x.o(i.SystemInit)
    TIM1_UP_TIM10_IRQHandler                 0x08001369   Thumb Code    30  timers.o(i.TIM1_UP_TIM10_IRQHandler)
    TIM2_IRQHandler                          0x0800138d   Thumb Code    30  timers.o(i.TIM2_IRQHandler)
    TIM8_UP_TIM13_IRQHandler                 0x080013ad   Thumb Code    30  timers.o(i.TIM8_UP_TIM13_IRQHandler)
    __0sprintf$1                             0x080013d1   Thumb Code    34  printf1.o(i.__0sprintf$1)
    __1sprintf$1                             0x080013d1   Thumb Code     0  printf1.o(i.__0sprintf$1)
    __2sprintf                               0x080013d1   Thumb Code     0  printf1.o(i.__0sprintf$1)
    __ARM_fpclassify                         0x080013f9   Thumb Code    40  fpclassify.o(i.__ARM_fpclassify)
    __kernel_poly                            0x0800143b   Thumb Code   170  poly.o(i.__kernel_poly)
    __mathlib_dbl_divzero                    0x080014e5   Thumb Code    12  dunder.o(i.__mathlib_dbl_divzero)
    __mathlib_dbl_infnan2                    0x080014f5   Thumb Code     4  dunder.o(i.__mathlib_dbl_infnan2)
    __mathlib_dbl_invalid                    0x080014f9   Thumb Code    12  dunder.o(i.__mathlib_dbl_invalid)
    __mathlib_dbl_overflow                   0x08001505   Thumb Code    14  dunder.o(i.__mathlib_dbl_overflow)
    __mathlib_dbl_underflow                  0x08001515   Thumb Code    10  dunder.o(i.__mathlib_dbl_underflow)
    __scatterload_copy                       0x08001525   Thumb Code    14  handlers.o(i.__scatterload_copy)
    __scatterload_null                       0x08001533   Thumb Code     2  handlers.o(i.__scatterload_null)
    __scatterload_zeroinit                   0x08001535   Thumb Code    14  handlers.o(i.__scatterload_zeroinit)
    __set_errno                              0x08001545   Thumb Code     6  errno.o(i.__set_errno)
    changeDirection                          0x080016b1   Thumb Code    12  game.o(i.changeDirection)
    checkCollision                           0x080016c1   Thumb Code    80  game.o(i.checkCollision)
    checkMangeurCollisionWithEnnemies        0x08001711   Thumb Code    62  game.o(i.checkMangeurCollisionWithEnnemies)
    checkMangeurCollisionWithFood            0x08001761   Thumb Code    72  game.o(i.checkMangeurCollisionWithFood)
    clearScreenGLCD                          0x080017c1   Thumb Code    14  glcd.o(i.clearScreenGLCD)
    clearZone                                0x080017cf   Thumb Code    36  glcd.o(i.clearZone)
    configTimer1                             0x080017f5   Thumb Code    66  timers.o(i.configTimer1)
    configTimer2                             0x08001845   Thumb Code    42  timers.o(i.configTimer2)
    configTimer8                             0x08001879   Thumb Code    66  timers.o(i.configTimer8)
    displayGameLosed                         0x080018f5   Thumb Code    74  menu.o(i.displayGameLosed)
    displayGameWon                           0x08001965   Thumb Code    40  menu.o(i.displayGameWon)
    displayLogo                              0x08001999   Thumb Code    98  menu.o(i.displayLogo)
    displayMenu                              0x08001a59   Thumb Code    96  menu.o(i.displayMenu)
    displayScore                             0x08001add   Thumb Code   232  game.o(i.displayScore)
    gameLoop                                 0x08001be5   Thumb Code    16  game.o(i.gameLoop)
    getRandom                                0x08001bf5   Thumb Code    24  random.o(i.getRandom)
    getTimer3Value                           0x08001c0d   Thumb Code     6  timers.o(i.getTimer3Value)
    initGLCD                                 0x08001c19   Thumb Code    12  glcd.o(i.initGLCD)
    initGPIO                                 0x08001c25   Thumb Code   134  gpio.o(i.initGPIO)
    initRandom                               0x08001cb9   Thumb Code     8  random.o(i.initRandom)
    initTIMERS                               0x08001cc1   Thumb Code    16  timers.o(i.initTIMERS)
    initTimer3                               0x08001cd1   Thumb Code    44  timers.o(i.initTimer3)
    isFoodNearEnnemiesOrMangeur              0x08001d05   Thumb Code   216  game.o(i.isFoodNearEnnemiesOrMangeur)
    joytickDownPressed                       0x08001df5   Thumb Code    12  gpio.o(i.joytickDownPressed)
    joytickLeftPressed                       0x08001e05   Thumb Code    12  gpio.o(i.joytickLeftPressed)
    joytickRightPressed                      0x08001e15   Thumb Code    12  gpio.o(i.joytickRightPressed)
    joytickSelectPressed                     0x08001e25   Thumb Code    12  gpio.o(i.joytickSelectPressed)
    joytickUpPressed                         0x08001e35   Thumb Code    12  gpio.o(i.joytickUpPressed)
    main                                     0x08001e45   Thumb Code   128  main.o(i.main)
    placeFoodAtRandom                        0x08001ed5   Thumb Code    90  game.o(i.placeFoodAtRandom)
    pow                                      0x08001f3d   Thumb Code  2512  pow.o(i.pow)
    redrawEnnemies                           0x0800291d   Thumb Code   208  game.o(i.redrawEnnemies)
    refreshMenu                              0x08002a11   Thumb Code    76  menu.o(i.refreshMenu)
    sameDirection                            0x08002a61   Thumb Code    26  game.o(i.sameDirection)
    setRandom                                0x08002a7b   Thumb Code    14  random.o(i.setRandom)
    setSpeedTimer8                           0x08002a89   Thumb Code    46  timers.o(i.setSpeedTimer8)
    setupLevel                               0x08002abd   Thumb Code   166  game.o(i.setupLevel)
    sqrt                                     0x08002b79   Thumb Code    76  sqrt.o(i.sqrt)
    startInterruptJoystick                   0x08002bc5   Thumb Code    80  gpio.o(i.startInterruptJoystick)
    startLevel                               0x08002c1d   Thumb Code    12  game.o(i.startLevel)
    startTimer1                              0x08002c29   Thumb Code    14  timers.o(i.startTimer1)
    startTimer8                              0x08002c3d   Thumb Code    14  timers.o(i.startTimer8)
    stopInterruptBP_USER                     0x08002c51   Thumb Code    14  gpio.o(i.stopInterruptBP_USER)
    stopInterruptJoystick                    0x08002c65   Thumb Code    24  gpio.o(i.stopInterruptJoystick)
    stopLevel                                0x08002c81   Thumb Code    24  game.o(i.stopLevel)
    stopTimer1                               0x08002c99   Thumb Code    14  timers.o(i.stopTimer1)
    stopTimer2                               0x08002cad   Thumb Code    18  timers.o(i.stopTimer2)
    stopTimer8                               0x08002cc1   Thumb Code    14  timers.o(i.stopTimer8)
    updateEnnemiesPositionAndRedraw          0x08002cd5   Thumb Code   320  game.o(i.updateEnnemiesPositionAndRedraw)
    updateMangeurPosition                    0x08002e29   Thumb Code   296  game.o(i.updateMangeurPosition)
    userButtonPressed                        0x08002f7d   Thumb Code    12  gpio.o(i.userButtonPressed)
    bmpPacManClose                           0x08002fb8   Data         128  imagesbmp.o(.constdata)
    bmpPacManOpenRight                       0x08003038   Data         128  imagesbmp.o(.constdata)
    bmpPacManOpenLeft                        0x080030b8   Data         128  imagesbmp.o(.constdata)
    bmpPacManOpenDown                        0x08003138   Data         128  imagesbmp.o(.constdata)
    bmpPacManOpenUp                          0x080031b8   Data         128  imagesbmp.o(.constdata)
    bmpEnnemiClose                           0x08003238   Data         128  imagesbmp.o(.constdata)
    bmpEnnemiOpenRight                       0x080032b8   Data         128  imagesbmp.o(.constdata)
    bmpEnnemiOpenLeft                        0x08003338   Data         128  imagesbmp.o(.constdata)
    bmpEnnemiOpenDown                        0x080033b8   Data         128  imagesbmp.o(.constdata)
    bmpEnnemiOpenUp                          0x08003438   Data         128  imagesbmp.o(.constdata)
    bmpFood                                  0x080034b8   Data          32  imagesbmp.o(.constdata)
    GO_UP                                    0x080034d8   Data           8  gpio.o(.constdata)
    GO_DOWN                                  0x080034e0   Data           8  gpio.o(.constdata)
    GO_LEFT                                  0x080034e8   Data           8  gpio.o(.constdata)
    GO_RIGHT                                 0x080034f0   Data           8  gpio.o(.constdata)
    IDLE                                     0x080034f8   Data           8  gpio.o(.constdata)
    GLCD_Font_6x8                            0x08004d80   Data          16  glcd_fonts.o(.constdata)
    GLCD_Font_16x24                          0x08004d90   Data          16  glcd_fonts.o(.constdata)
    __mathlib_zero                           0x08004e28   Data           8  qnan.o(.constdata)
    Region$$Table$$Base                      0x08004e30   Number         0  anon$$obj.o(Region$$Table)
    Region$$Table$$Limit                     0x08004e50   Number         0  anon$$obj.o(Region$$Table)
    gameLosed                                0x20000000   Data           4  main.o(.data)
    gameWon                                  0x20000004   Data           4  main.o(.data)
    levelPassed                              0x20000008   Data           4  main.o(.data)
    level                                    0x2000000c   Data           4  main.o(.data)
    score                                    0x20000010   Data           4  main.o(.data)
    playerScore                              0x20000020   Data           4  game.o(.data)
    playerMovement                           0x20000028   Data           8  game.o(.data)
    SystemCoreClock                          0x20000044   Data           4  system_stm32f10x.o(.data)
    AHBPrescTable                            0x20000048   Data          16  system_stm32f10x.o(.data)
    __initial_sp                             0x200004a0   Data           0  startup_stm32f10x_xl.o(STACK)



==============================================================================

Memory Map of the image

  Image Entry point : 0x08000145

  Load Region LR_1 (Base: 0x08000000, Size: 0x00004eb0, Max: 0xffffffff, ABSOLUTE)

    Execution Region ER_RO (Exec base: 0x08000000, Load base: 0x08000000, Size: 0x00004e50, Max: 0xffffffff, ABSOLUTE)

    Exec Addr    Load Addr    Size         Type   Attr      Idx    E Section Name        Object

    0x08000000   0x08000000   0x00000130   Data   RO         1163    RESET               startup_stm32f10x_xl.o
    0x08000130   0x08000130   0x00000000   Code   RO         1232  * .ARM.Collect$$$$00000000  mc_w.l(entry.o)
    0x08000130   0x08000130   0x00000004   Code   RO         1524    .ARM.Collect$$$$00000001  mc_w.l(entry2.o)
    0x08000134   0x08000134   0x00000004   Code   RO         1527    .ARM.Collect$$$$00000004  mc_w.l(entry5.o)
    0x08000138   0x08000138   0x00000000   Code   RO         1529    .ARM.Collect$$$$00000008  mc_w.l(entry7b.o)
    0x08000138   0x08000138   0x00000000   Code   RO         1531    .ARM.Collect$$$$0000000A  mc_w.l(entry8b.o)
    0x08000138   0x08000138   0x00000008   Code   RO         1532    .ARM.Collect$$$$0000000B  mc_w.l(entry9a.o)
    0x08000140   0x08000140   0x00000000   Code   RO         1534    .ARM.Collect$$$$0000000D  mc_w.l(entry10a.o)
    0x08000140   0x08000140   0x00000000   Code   RO         1536    .ARM.Collect$$$$0000000F  mc_w.l(entry11a.o)
    0x08000140   0x08000140   0x00000004   Code   RO         1525    .ARM.Collect$$$$00002712  mc_w.l(entry2.o)
    0x08000144   0x08000144   0x00000024   Code   RO         1164  * .text               startup_stm32f10x_xl.o
    0x08000168   0x08000168   0x00000024   Code   RO         1235    .text               mc_w.l(rand.o)
    0x0800018c   0x0800018c   0x0000014e   Code   RO         1499    .text               mf_w.l(dadd.o)
    0x080002da   0x080002da   0x00000022   Code   RO         1501    .text               mf_w.l(dflti.o)
    0x080002fc   0x080002fc   0x00000030   Code   RO         1503    .text               mf_w.l(cdcmple.o)
    0x0800032c   0x0800032c   0x0000002c   Code   RO         1541    .text               mc_w.l(uidiv.o)
    0x08000358   0x08000358   0x0000001e   Code   RO         1545    .text               mc_w.l(llshl.o)
    0x08000376   0x08000376   0x00000024   Code   RO         1547    .text               mc_w.l(llsshr.o)
    0x0800039a   0x0800039a   0x00000000   Code   RO         1556    .text               mc_w.l(iusefp.o)
    0x0800039a   0x0800039a   0x000000ba   Code   RO         1557    .text               mf_w.l(depilogue.o)
    0x08000454   0x08000454   0x000000e4   Code   RO         1559    .text               mf_w.l(dmul.o)
    0x08000538   0x08000538   0x000000de   Code   RO         1561    .text               mf_w.l(ddiv.o)
    0x08000616   0x08000616   0x0000002e   Code   RO         1563    .text               mf_w.l(dscalb.o)
    0x08000644   0x08000644   0x000000a2   Code   RO         1565    .text               mf_w.l(dsqrt.o)
    0x080006e6   0x080006e6   0x00000002   PAD
    0x080006e8   0x080006e8   0x00000030   Code   RO         1569    .text               mf_w.l(cdrcmple.o)
    0x08000718   0x08000718   0x00000024   Code   RO         1571    .text               mc_w.l(init.o)
    0x0800073c   0x0800073c   0x00000020   Code   RO         1574    .text               mc_w.l(llushr.o)
    0x0800075c   0x0800075c   0x000000a4   Code   RO          317    i.EXTI15_10_IRQHandler  gpio.o
    0x08000800   0x08000800   0x00000044   Code   RO          318    i.EXTI3_IRQHandler  gpio.o
    0x08000844   0x08000844   0x0000001c   Code   RO          319    i.EXTI9_5_IRQHandler  gpio.o
    0x08000860   0x08000860   0x0000003c   Code   RO          599    i.GLCD_ClearScreen  glcd_mcbstm32e.o
    0x0800089c   0x0800089c   0x00000070   Code   RO          600    i.GLCD_DrawBargraph  glcd_mcbstm32e.o
    0x0800090c   0x0800090c   0x00000054   Code   RO          601    i.GLCD_DrawBitmap   glcd_mcbstm32e.o
    0x08000960   0x08000960   0x000000d0   Code   RO          602    i.GLCD_DrawChar     glcd_mcbstm32e.o
    0x08000a30   0x08000a30   0x0000003c   Code   RO          603    i.GLCD_DrawHLine    glcd_mcbstm32e.o
    0x08000a6c   0x08000a6c   0x0000003a   Code   RO          605    i.GLCD_DrawRectangle  glcd_mcbstm32e.o
    0x08000aa6   0x08000aa6   0x00000002   PAD
    0x08000aa8   0x08000aa8   0x0000002c   Code   RO          606    i.GLCD_DrawString   glcd_mcbstm32e.o
    0x08000ad4   0x08000ad4   0x0000003c   Code   RO          607    i.GLCD_DrawVLine    glcd_mcbstm32e.o
    0x08000b10   0x08000b10   0x00000634   Code   RO          610    i.GLCD_Initialize   glcd_mcbstm32e.o
    0x08001144   0x08001144   0x00000010   Code   RO          612    i.GLCD_SetBackgroundColor  glcd_mcbstm32e.o
    0x08001154   0x08001154   0x00000010   Code   RO          613    i.GLCD_SetFont      glcd_mcbstm32e.o
    0x08001164   0x08001164   0x00000010   Code   RO          614    i.GLCD_SetForegroundColor  glcd_mcbstm32e.o
    0x08001174   0x08001174   0x000000ac   Code   RO          615    i.GLCD_SetWindow    glcd_mcbstm32e.o
    0x08001220   0x08001220   0x00000008   Code   RO         1171    i.SetSysClock       system_stm32f10x.o
    0x08001228   0x08001228   0x000000e0   Code   RO         1172    i.SetSysClockTo72   system_stm32f10x.o
    0x08001308   0x08001308   0x00000060   Code   RO         1174    i.SystemInit        system_stm32f10x.o
    0x08001368   0x08001368   0x00000024   Code   RO          437    i.TIM1_UP_TIM10_IRQHandler  timers.o
    0x0800138c   0x0800138c   0x0000001e   Code   RO          438    i.TIM2_IRQHandler   timers.o
    0x080013aa   0x080013aa   0x00000002   PAD
    0x080013ac   0x080013ac   0x00000024   Code   RO          439    i.TIM8_UP_TIM13_IRQHandler  timers.o
    0x080013d0   0x080013d0   0x00000028   Code   RO         1285    i.__0sprintf$1      mc_w.l(printf1.o)
    0x080013f8   0x080013f8   0x00000028   Code   RO         1519    i.__ARM_fpclassify  m_ws.l(fpclassify.o)
    0x08001420   0x08001420   0x0000001a   Code   RO          320    i.__NVIC_EnableIRQ  gpio.o
    0x0800143a   0x0800143a   0x000000aa   Code   RO         1521    i.__kernel_poly     m_ws.l(poly.o)
    0x080014e4   0x080014e4   0x00000010   Code   RO         1505    i.__mathlib_dbl_divzero  m_ws.l(dunder.o)
    0x080014f4   0x080014f4   0x00000004   Code   RO         1507    i.__mathlib_dbl_infnan2  m_ws.l(dunder.o)
    0x080014f8   0x080014f8   0x0000000c   Code   RO         1508    i.__mathlib_dbl_invalid  m_ws.l(dunder.o)
    0x08001504   0x08001504   0x0000000e   Code   RO         1509    i.__mathlib_dbl_overflow  m_ws.l(dunder.o)
    0x08001512   0x08001512   0x00000002   PAD
    0x08001514   0x08001514   0x00000010   Code   RO         1511    i.__mathlib_dbl_underflow  m_ws.l(dunder.o)
    0x08001524   0x08001524   0x0000000e   Code   RO         1579    i.__scatterload_copy  mc_w.l(handlers.o)
    0x08001532   0x08001532   0x00000002   Code   RO         1580    i.__scatterload_null  mc_w.l(handlers.o)
    0x08001534   0x08001534   0x0000000e   Code   RO         1581    i.__scatterload_zeroinit  mc_w.l(handlers.o)
    0x08001542   0x08001542   0x00000002   PAD
    0x08001544   0x08001544   0x0000000c   Code   RO         1551    i.__set_errno       mc_w.l(errno.o)
    0x08001550   0x08001550   0x00000154   Code   RO         1290    i._printf_core      mc_w.l(printf1.o)
    0x080016a4   0x080016a4   0x0000000a   Code   RO         1292    i._sputc            mc_w.l(printf1.o)
    0x080016ae   0x080016ae   0x00000002   PAD
    0x080016b0   0x080016b0   0x00000010   Code   RO          159    i.changeDirection   game.o
    0x080016c0   0x080016c0   0x00000050   Code   RO          160    i.checkCollision    game.o
    0x08001710   0x08001710   0x00000050   Code   RO          161    i.checkMangeurCollisionWithEnnemies  game.o
    0x08001760   0x08001760   0x00000060   Code   RO          162    i.checkMangeurCollisionWithFood  game.o
    0x080017c0   0x080017c0   0x0000000e   Code   RO          551    i.clearScreenGLCD   glcd.o
    0x080017ce   0x080017ce   0x00000024   Code   RO          552    i.clearZone         glcd.o
    0x080017f2   0x080017f2   0x00000002   PAD
    0x080017f4   0x080017f4   0x00000050   Code   RO          440    i.configTimer1      timers.o
    0x08001844   0x08001844   0x00000034   Code   RO          441    i.configTimer2      timers.o
    0x08001878   0x08001878   0x00000050   Code   RO          442    i.configTimer8      timers.o
    0x080018c8   0x080018c8   0x0000002c   Code   RO          618    i.delay_ms          glcd_mcbstm32e.o
    0x080018f4   0x080018f4   0x00000070   Code   RO           92    i.displayGameLosed  menu.o
    0x08001964   0x08001964   0x00000034   Code   RO           93    i.displayGameWon    menu.o
    0x08001998   0x08001998   0x000000c0   Code   RO           94    i.displayLogo       menu.o
    0x08001a58   0x08001a58   0x00000084   Code   RO           95    i.displayMenu       menu.o
    0x08001adc   0x08001adc   0x00000108   Code   RO          163    i.displayScore      game.o
    0x08001be4   0x08001be4   0x00000010   Code   RO          164    i.gameLoop          game.o
    0x08001bf4   0x08001bf4   0x00000018   Code   RO          287    i.getRandom         random.o
    0x08001c0c   0x08001c0c   0x0000000c   Code   RO          443    i.getTimer3Value    timers.o
    0x08001c18   0x08001c18   0x0000000c   Code   RO          553    i.initGLCD          glcd.o
    0x08001c24   0x08001c24   0x00000094   Code   RO          321    i.initGPIO          gpio.o
    0x08001cb8   0x08001cb8   0x00000008   Code   RO          288    i.initRandom        random.o
    0x08001cc0   0x08001cc0   0x00000010   Code   RO          444    i.initTIMERS        timers.o
    0x08001cd0   0x08001cd0   0x00000034   Code   RO          445    i.initTimer3        timers.o
    0x08001d04   0x08001d04   0x000000f0   Code   RO          165    i.isFoodNearEnnemiesOrMangeur  game.o
    0x08001df4   0x08001df4   0x00000010   Code   RO          322    i.joytickDownPressed  gpio.o
    0x08001e04   0x08001e04   0x00000010   Code   RO          323    i.joytickLeftPressed  gpio.o
    0x08001e14   0x08001e14   0x00000010   Code   RO          324    i.joytickRightPressed  gpio.o
    0x08001e24   0x08001e24   0x00000010   Code   RO          325    i.joytickSelectPressed  gpio.o
    0x08001e34   0x08001e34   0x00000010   Code   RO          326    i.joytickUpPressed  gpio.o
    0x08001e44   0x08001e44   0x00000090   Code   RO            4    i.main              main.o
    0x08001ed4   0x08001ed4   0x00000068   Code   RO          166    i.placeFoodAtRandom  game.o
    0x08001f3c   0x08001f3c   0x000009d8   Code   RO         1215    i.pow               m_ws.l(pow.o)
    0x08002914   0x08002914   0x00000008   Code   RO          619    i.rd_dat            glcd_mcbstm32e.o
    0x0800291c   0x0800291c   0x000000f4   Code   RO          167    i.redrawEnnemies    game.o
    0x08002a10   0x08002a10   0x00000050   Code   RO           96    i.refreshMenu       menu.o
    0x08002a60   0x08002a60   0x0000001a   Code   RO          168    i.sameDirection     game.o
    0x08002a7a   0x08002a7a   0x0000000e   Code   RO          289    i.setRandom         random.o
    0x08002a88   0x08002a88   0x00000034   Code   RO          446    i.setSpeedTimer8    timers.o
    0x08002abc   0x08002abc   0x000000bc   Code   RO          169    i.setupLevel        game.o
    0x08002b78   0x08002b78   0x0000004c   Code   RO         1225    i.sqrt              m_ws.l(sqrt.o)
    0x08002bc4   0x08002bc4   0x00000058   Code   RO          328    i.startInterruptJoystick  gpio.o
    0x08002c1c   0x08002c1c   0x0000000c   Code   RO          170    i.startLevel        game.o
    0x08002c28   0x08002c28   0x00000014   Code   RO          447    i.startTimer1       timers.o
    0x08002c3c   0x08002c3c   0x00000014   Code   RO          449    i.startTimer8       timers.o
    0x08002c50   0x08002c50   0x00000014   Code   RO          329    i.stopInterruptBP_USER  gpio.o
    0x08002c64   0x08002c64   0x0000001c   Code   RO          330    i.stopInterruptJoystick  gpio.o
    0x08002c80   0x08002c80   0x00000018   Code   RO          171    i.stopLevel         game.o
    0x08002c98   0x08002c98   0x00000014   Code   RO          450    i.stopTimer1        timers.o
    0x08002cac   0x08002cac   0x00000012   Code   RO          451    i.stopTimer2        timers.o
    0x08002cbe   0x08002cbe   0x00000002   PAD
    0x08002cc0   0x08002cc0   0x00000014   Code   RO          452    i.stopTimer8        timers.o
    0x08002cd4   0x08002cd4   0x00000154   Code   RO          172    i.updateEnnemiesPositionAndRedraw  game.o
    0x08002e28   0x08002e28   0x00000154   Code   RO          173    i.updateMangeurPosition  game.o
    0x08002f7c   0x08002f7c   0x00000010   Code   RO          331    i.userButtonPressed  gpio.o
    0x08002f8c   0x08002f8c   0x00000008   Code   RO          620    i.wr_cmd            glcd_mcbstm32e.o
    0x08002f94   0x08002f94   0x00000008   Code   RO          621    i.wr_dat            glcd_mcbstm32e.o
    0x08002f9c   0x08002f9c   0x00000008   Code   RO          622    i.wr_dat_only       glcd_mcbstm32e.o
    0x08002fa4   0x08002fa4   0x00000014   Code   RO          623    i.wr_reg            glcd_mcbstm32e.o
    0x08002fb8   0x08002fb8   0x00000520   Data   RO          275    .constdata          imagesbmp.o
    0x080034d8   0x080034d8   0x00000028   Data   RO          332    .constdata          gpio.o
    0x08003500   0x08003500   0x000018a0   Data   RO          584    .constdata          glcd_fonts.o
    0x08004da0   0x08004da0   0x00000088   Data   RO         1216    .constdata          m_ws.l(pow.o)
    0x08004e28   0x08004e28   0x00000008   Data   RO         1523    .constdata          m_ws.l(qnan.o)
    0x08004e30   0x08004e30   0x00000020   Data   RO         1577    Region$$Table       anon$$obj.o


    Execution Region ER_RW (Exec base: 0x20000000, Load base: 0x08004e50, Size: 0x00000060, Max: 0xffffffff, ABSOLUTE)

    Exec Addr    Load Addr    Size         Type   Attr      Idx    E Section Name        Object

    0x20000000   0x08004e50   0x00000014   Data   RW            5    .data               main.o
    0x20000014   0x08004e64   0x00000001   Data   RW           97    .data               menu.o
    0x20000015   0x08004e65   0x00000003   PAD
    0x20000018   0x08004e68   0x00000020   Data   RW          175    .data               game.o
    0x20000038   0x08004e88   0x00000009   Data   RW          624    .data               glcd_mcbstm32e.o
    0x20000041   0x08004e91   0x00000003   PAD
    0x20000044   0x08004e94   0x00000014   Data   RW         1175    .data               system_stm32f10x.o
    0x20000058   0x08004ea8   0x00000004   Data   RW         1236    .data               mc_w.l(rand.o)
    0x2000005c   0x08004eac   0x00000004   Data   RW         1552    .data               mc_w.l(errno.o)


    Execution Region ER_ZI (Exec base: 0x20000060, Load base: 0x08004eb0, Size: 0x00000440, Max: 0xffffffff, ABSOLUTE)

    Exec Addr    Load Addr    Size         Type   Attr      Idx    E Section Name        Object

    0x20000060        -       0x0000003c   Zero   RW          174    .bss                game.o
    0x2000009c   0x08004eb0   0x00000004   PAD
    0x200000a0        -       0x00000400   Zero   RW         1161    STACK               startup_stm32f10x_xl.o


==============================================================================

Image component sizes


      Code (inc. data)   RO Data    RW Data    ZI Data      Debug   Object Name

      2070        238          0         32         60      10133   game.o
        62          0          0          0          0       1469   glcd.o
         0          0       6304          0          0       1020   glcd_fonts.o
      2590        126          0          9          0      12715   glcd_mcbstm32e.o
       666        112         40          0          0      33653   gpio.o
         0          0       1312          0          0       1246   imagesbmp.o
       144         16          0         20          0     210251   main.o
       568        184          0          1          0       2514   menu.o
        46          0          0          0          0       1389   random.o
        36          8        304          0       1024        808   startup_stm32f10x_xl.o
       328         28          0         20          0       2253   system_stm32f10x.o
       544         94          0          0          0       6448   timers.o

    ----------------------------------------------------------------------
      7062        806       7992         88       1088     283899   Object Totals
         0          0         32          0          0          0   (incl. Generated)
         8          0          0          6          4          0   (incl. Padding)

    ----------------------------------------------------------------------

      Code (inc. data)   RO Data    RW Data    ZI Data      Debug   Library Member Name

        62         10          0          0          0        340   dunder.o
        40          0          0          0          0         68   fpclassify.o
       170          0          0          0          0         96   poly.o
      2520        190        136          0          0        324   pow.o
         0          0          8          0          0          0   qnan.o
        76          0          0          0          0         84   sqrt.o
         0          0          0          0          0          0   entry.o
         0          0          0          0          0          0   entry10a.o
         0          0          0          0          0          0   entry11a.o
         8          4          0          0          0          0   entry2.o
         4          0          0          0          0          0   entry5.o
         0          0          0          0          0          0   entry7b.o
         0          0          0          0          0          0   entry8b.o
         8          4          0          0          0          0   entry9a.o
        12          6          0          4          0         68   errno.o
        30          0          0          0          0          0   handlers.o
        36          8          0          0          0         68   init.o
         0          0          0          0          0          0   iusefp.o
        30          0          0          0          0         68   llshl.o
        36          0          0          0          0         68   llsshr.o
        32          0          0          0          0         68   llushr.o
       390         10          0          0          0        252   printf1.o
        36         10          0          4          0        136   rand.o
        44          0          0          0          0         80   uidiv.o
        48          0          0          0          0         68   cdcmple.o
        48          0          0          0          0         68   cdrcmple.o
       334          0          0          0          0        148   dadd.o
       222          0          0          0          0        100   ddiv.o
       186          0          0          0          0        176   depilogue.o
        34          0          0          0          0         76   dflti.o
       228          0          0          0          0         96   dmul.o
        46          0          0          0          0         80   dscalb.o
       162          0          0          0          0        100   dsqrt.o

    ----------------------------------------------------------------------
      4850        242        144          8          0       2632   Library Totals
         8          0          0          0          0          0   (incl. Padding)

    ----------------------------------------------------------------------

      Code (inc. data)   RO Data    RW Data    ZI Data      Debug   Library Name

      2868        200        144          0          0        912   m_ws.l
       666         42          0          8          0        808   mc_w.l
      1308          0          0          0          0        912   mf_w.l

    ----------------------------------------------------------------------
      4850        242        144          8          0       2632   Library Totals

    ----------------------------------------------------------------------

==============================================================================


      Code (inc. data)   RO Data    RW Data    ZI Data      Debug   

     11912       1048       8136         96       1088     281483   Grand Totals
     11912       1048       8136         96       1088     281483   ELF Image Totals
     11912       1048       8136         96          0          0   ROM Totals

==============================================================================

    Total RO  Size (Code + RO Data)                20048 (  19.58kB)
    Total RW  Size (RW Data + ZI Data)              1184 (   1.16kB)
    Total ROM Size (Code + RO Data + RW Data)      20144 (  19.67kB)

==============================================================================

